<html>
<body>
<pre>
<h1>µVision Build Log</h1>
<h2>Tool Versions:</h2>
IDE-Version: ¦ÌVision V5.38.0.0
Copyright (C) 2022 ARM Ltd and ARM Germany GmbH. All rights reserved.
License Information: zh l, aaa, LIC=ZB4EI-TCQ6N-30BNC-7ZJEB-NA0N1-J0DPC
 
Tool Versions:
Toolchain:       MDK-ARM Plus  Version: 5.38.0.0
Toolchain Path:  D:\software\install\Keil_MDK_5.38\Keil_v5\ARM\ARMCLANG\Bin
C Compiler:      ArmClang.exe V6.19
Assembler:       Armasm.exe V6.19
Linker/Locator:  ArmLink.exe V6.19
Library Manager: ArmAr.exe V6.19
Hex Converter:   FromElf.exe V6.19
CPU DLL:         
Dialog DLL:      
Target DLL:      Segger\JL2CM3.dll V2.99.42.0
Dialog DLL:      TCM.DLL V1.56.4.0
 
<h2>Project:</h2>
D:\data bank\NOTES\RA6M5\ebf_fsp_ra6m5_code-master\EBF_Workspace_Keil\06_Template\EBF_RA6M5.uvprojx
Project File Date:  05/13/2023

<h2>Output:</h2>
*** Using Compiler 'V6.19', folder: 'D:\software\install\Keil_MDK_5.38\Keil_v5\ARM\ARMCLANG\Bin'
Build target 'Target 1'
compiling Wdt_Task.c...
linking...
Program Size: Code=28168 RO-data=2808 RW-data=40 ZI-data=30816  
After Build - User command #1: cmd /c "start "Renesas" /w cmd /c ""D:/software/install/Keil_MDK_5.38/Packs/Renesas/RA_DFP/4.4.0/launcher\rasc_launcher.bat" "4.0.0" -nosplash --gensmartbundle --compiler ARMv6 "D:\data bank\NOTES\RA6M5\ebf_fsp_ra6m5_code-master\EBF_Workspace_Keil\06_Template\configuration.xml" "D:\data bank\NOTES\RA6M5\ebf_fsp_ra6m5_code-master\EBF_Workspace_Keil\06_Template\Objects\EBF_RA6M5.axf" 2> "%TEMP%\rasc_stderr.out"""
".\Objects\EBF_RA6M5.axf" - 0 Error(s), 0 Warning(s).

<h2>Software Packages used:</h2>

Package Vendor: Renesas
                
                Renesas.Project Content.1.0.0
                Project content managed by the Renesas Smart Configurator
   * Component: Build Configuration Version: 
   * Component: ra Version: 
   * Component: Generated Data Version: 
   * Component: Linker Script Version: 

Package Vendor: Renesas
                https://www2.renesas.eu/Keil_MDK_Packs/Renesas.RA_DFP.4.4.0.pack
                Renesas.RA_DFP.4.4.0
                Renesas RA series device family pack
   * Component: RA Configuration Version: 1.0.0

<h2>Collection of Component include folders:</h2>
  ./RTE/_Target_1
  ./ra/arm/CMSIS_5/CMSIS/Core/Include
  ./ra/fsp/inc
  ./ra/fsp/inc/api
  ./ra/fsp/inc/instances
  ./ra_cfg/driver
  ./ra_cfg/fsp_cfg
  ./ra_cfg/fsp_cfg/bsp
  ./ra_gen
  D:/data bank/NOTES/RA6M5/ebf_fsp_ra6m5_code-master/EBF_Workspace_Keil/06_Template

<h2>Collection of Component Files used:</h2>

   * Component: Renesas::Flex Software:Build Configuration
      Include file:  ra_cfg/fsp_cfg/bsp/bsp_cfg.h
      Include file:  ra_cfg/fsp_cfg/bsp/bsp_mcu_device_pn_cfg.h
      Include file:  ra_cfg/driver/r_qspi_cfg.h
      Include file:  ra_cfg/fsp_cfg/bsp/board_cfg.h
      Include file:  ra_cfg/fsp_cfg/bsp/bsp_mcu_device_cfg.h
      Include file:  ra_cfg/fsp_cfg/bsp/bsp_mcu_family_cfg.h
      Include file:  ra_cfg/fsp_cfg/bsp/bsp_pin_cfg.h
      Include file:  ra_cfg/fsp_cfg/r_sci_uart_cfg.h
      Include file:  ra_cfg/fsp_cfg/r_gpt_cfg.h
      Include file:  ra_cfg/fsp_cfg/r_adc_cfg.h
      Include file:  ra_cfg/fsp_cfg/rm_touch_cfg.h
      Include file:  ra_cfg/fsp_cfg/r_ctsu_cfg.h
      Include file:  ra_cfg/fsp_cfg/r_dac_cfg.h
      Include file:  ra_cfg/fsp_cfg/r_iic_master_cfg.h
      Include file:  ra_cfg/fsp_cfg/r_sdhi_cfg.h
      Include file:  ra_cfg/fsp_cfg/r_dmac_cfg.h
      Include file:  ra_cfg/fsp_cfg/r_ioport_cfg.h
      Include file:  ra_cfg/fsp_cfg/r_iwdt_cfg.h

   * Component: Renesas::Flex Software:Components:ra
      Include file:  ra/arm/CMSIS_5/CMSIS/Core/Include/cmsis_compiler.h
      Include file:  ra/arm/CMSIS_5/CMSIS/Core/Include/cmsis_gcc.h
      Include file:  ra/arm/CMSIS_5/CMSIS/Core/Include/core_cm0.h
      Include file:  ra/arm/CMSIS_5/CMSIS/Core/Include/core_cm1.h
      Include file:  ra/arm/CMSIS_5/CMSIS/Core/Include/core_cm3.h
      Include file:  ra/arm/CMSIS_5/CMSIS/Core/Include/cmsis_armclang_ltm.h
      Include file:  ra/arm/CMSIS_5/CMSIS/Core/Include/cachel1_armv7.h
      Include file:  ra/arm/CMSIS_5/CMSIS/Core/Include/cmsis_version.h
      Include file:  ra/arm/CMSIS_5/CMSIS/Core/Include/core_armv81mml.h
      Include file:  ra/arm/CMSIS_5/CMSIS/Core/Include/core_cm23.h
      Include file:  ra/arm/CMSIS_5/CMSIS/Core/Include/core_cm33.h
      Include file:  ra/arm/CMSIS_5/CMSIS/Core/Include/core_armv8mbl.h
      Include file:  ra/arm/CMSIS_5/CMSIS/Core/Include/core_cm35p.h
      Include file:  ra/arm/CMSIS_5/CMSIS/Core/Include/core_cm4.h
      Include file:  ra/arm/CMSIS_5/CMSIS/Core/Include/core_cm55.h
      Include file:  ra/arm/CMSIS_5/CMSIS/Core/Include/cmsis_armclang.h
      Include file:  ra/arm/CMSIS_5/CMSIS/Core/Include/core_cm7.h
      Include file:  ra/arm/CMSIS_5/CMSIS/Core/Include/cmsis_iccarm.h
      Include file:  ra/arm/CMSIS_5/CMSIS/Core/Include/core_armv8mml.h
      Include file:  ra/arm/CMSIS_5/CMSIS/Core/Include/core_cm0plus.h
      Include file:  ra/arm/CMSIS_5/CMSIS/Core/Include/cmsis_armcc.h
      Include file:  ra/arm/CMSIS_5/CMSIS/Core/Include/core_cm85.h
      Include file:  ra/fsp/inc/api/r_sdmmc_api.h
      Include file:  ra/fsp/inc/api/r_ioport_api.h
      Include file:  ra/fsp/inc/api/r_transfer_api.h
      Include file:  ra/fsp/inc/api/r_uart_api.h
      Include file:  ra/arm/CMSIS_5/CMSIS/Core/Include/core_starmc1.h
      Include file:  ra/fsp/inc/api/r_wdt_api.h
      Include file:  ra/fsp/inc/instances/rm_touch.h
      Include file:  ra/fsp/inc/fsp_common_api.h
      Include file:  ra/fsp/inc/instances/r_adc.h
      Include file:  ra/fsp/inc/api/bsp_api.h
      Include file:  ra/fsp/inc/api/rm_touch_api.h
      Include file:  ra/fsp/inc/api/r_ctsu_api.h
      Include file:  ra/fsp/inc/api/r_dac_api.h
      Include file:  ra/fsp/inc/api/r_elc_api.h
      Include file:  ra/fsp/inc/fsp_features.h
      Include file:  ra/fsp/inc/api/r_adc_api.h
      Include file:  ra/fsp/inc/fsp_version.h
      Include file:  ra/fsp/inc/instances/r_ctsu.h
      Include file:  ra/fsp/inc/instances/r_dac.h
      Include file:  ra/fsp/inc/api/r_spi_flash_api.h
      Include file:  ra/arm/CMSIS_5/CMSIS/Core/Include/pmu_armv8.h
      Include file:  ra/fsp/inc/api/r_i2c_master_api.h
      Include file:  ra/fsp/inc/api/r_timer_api.h
      Include file:  ra/fsp/inc/instances/r_dmac.h
      Include file:  ra/arm/CMSIS_5/CMSIS/Core/Include/core_sc300.h
      Include file:  ra/arm/CMSIS_5/CMSIS/Core/Include/core_sc000.h
      Include file:  ra/arm/CMSIS_5/CMSIS/Core/Include/pac_armv81.h
      Include file:  ra/arm/CMSIS_5/CMSIS/Core/Include/tz_context.h
      Include file:  ra/arm/CMSIS_5/CMSIS/Core/Include/mpu_armv8.h
      Include file:  ra/arm/CMSIS_5/CMSIS/Core/Include/mpu_armv7.h
      Include file:  ra/fsp/src/bsp/mcu/all/bsp_compiler_support.h
      Source file:   ra/fsp/src/bsp/mcu/all/bsp_irq.c
      Source file:   ra/fsp/src/bsp/mcu/all/bsp_clocks.c
      Include file:  ra/fsp/inc/instances/r_iic_master.h
      Include file:  ra/fsp/src/bsp/mcu/all/bsp_irq.h
      Include file:  ra/fsp/src/bsp/mcu/all/bsp_arm_exceptions.h
      Include file:  ra/fsp/src/bsp/mcu/all/bsp_mcu_api.h
      Include file:  ra/fsp/src/bsp/cmsis/Device/RENESAS/Include/system.h
      Include file:  ra/fsp/src/bsp/mcu/all/bsp_module_stop.h
      Include file:  ra/fsp/src/bsp/cmsis/Device/RENESAS/Include/renesas.h
      Include file:  ra/fsp/inc/instances/r_sdhi.h
      Source file:   ra/fsp/src/bsp/mcu/all/bsp_register_protection.c
      Include file:  ra/fsp/src/bsp/mcu/all/bsp_io.h
      Include file:  ra/fsp/inc/instances/r_ioport.h
      Include file:  ra/fsp/src/bsp/mcu/all/bsp_register_protection.h
      Include file:  ra/fsp/src/bsp/mcu/all/bsp_common.h
      Include file:  ra/fsp/inc/instances/r_sci_uart.h
      Include file:  ra/fsp/src/bsp/mcu/all/bsp_delay.h
      Source file:   ra/fsp/src/bsp/mcu/all/bsp_group_irq.c
      Source file:   ra/fsp/src/bsp/mcu/all/bsp_common.c
      Source file:   ra/fsp/src/bsp/mcu/all/bsp_delay.c
      Include file:  ra/fsp/src/bsp/mcu/all/bsp_group_irq.h
      Include file:  ra/fsp/inc/instances/r_gpt.h
      Source file:   ra/fsp/src/bsp/cmsis/Device/RENESAS/Source/system.c
      Include file:  ra/fsp/inc/instances/r_qspi.h
      Source file:   ra/fsp/src/bsp/mcu/all/bsp_guard.c
      Include file:  ra/fsp/src/bsp/mcu/all/bsp_clocks.h
      Source file:   ra/fsp/src/bsp/cmsis/Device/RENESAS/Source/startup.c
      Include file:  ra/fsp/src/bsp/mcu/all/bsp_guard.h
      Source file:   ra/fsp/src/bsp/mcu/all/bsp_io.c
      Include file:  ra/fsp/inc/instances/r_iwdt.h
      Include file:  ra/fsp/src/bsp/cmsis/Device/RENESAS/Include/R7FA6M5BH.h
      Source file:   ra/fsp/src/r_ioport/r_ioport.c
      Source file:   ra/fsp/src/r_gpt/r_gpt.c
      Source file:   ra/fsp/src/bsp/mcu/all/bsp_rom_registers.c
      Include file:  ra/fsp/src/bsp/mcu/ra6m5/bsp_elc.h
      Include file:  ra/fsp/src/r_sdhi/r_sdhi_private.h
      Source file:   ra/fsp/src/bsp/mcu/all/bsp_sbrk.c
      Include file:  ra/fsp/src/bsp/mcu/ra6m5/bsp_feature.h
      Source file:   ra/fsp/src/bsp/mcu/all/bsp_security.c
      Include file:  ra/fsp/src/bsp/mcu/all/bsp_tfu.h
      Source file:   ra/fsp/src/r_adc/r_adc.c
      Source file:   ra/fsp/src/r_qspi/r_qspi.c
      Source file:   ra/fsp/src/r_iwdt/r_iwdt.c
      Source file:   ra/fsp/src/r_iic_master/r_iic_master.c
      Source file:   ra/fsp/src/r_dac/r_dac.c
      Source file:   ra/fsp/src/r_dmac/r_dmac.c
      Source file:   ra/fsp/src/rm_touch/rm_touch.c
      Include file:  ra/fsp/src/bsp/mcu/all/bsp_security.h
      Source file:   ra/fsp/src/r_sdhi/r_sdhi.c
      Source file:   ra/fsp/src/r_ctsu/r_ctsu.c
      Include file:  ra/fsp/src/bsp/mcu/ra6m5/bsp_mcu_info.h
      Source file:   ra/fsp/src/r_sci_uart/r_sci_uart.c

   * Component: Renesas::Flex Software:Generated Data
      Include file:  ra_gen/hal_data.h
      Source file:   ra_gen/pin_data.c
      Source file:   ra_gen/hal_data.c
      Include file:  ra_gen/vector_data.h
      Include file:  ra_gen/common_data.h
      Include file:  ra_gen/bsp_clock_cfg.h
      Source file:   ra_gen/common_data.c
      Source file:   ra_gen/main.c
      Source file:   ra_gen/vector_data.c

   * Component: Renesas::Flex Software:Linker Script

   * Component: Renesas::Flex Software:RA Configuration:1.0.0
Build Time Elapsed:  00:00:03
</pre>
</body>
</html>
