Component: Arm Compiler for Embedded 6.19 Tool: armlink [5e73cb00]

==============================================================================

Section Cross References

    hal_entry.o(.text.hal_entry) refers to bsp_uart4.o(.text.Debug_UART4_Init) for Debug_UART4_Init
    hal_entry.o(.text.hal_entry) refers to i2c_ee.o(.text.I2C_EE_Init) for I2C_EE_Init
    hal_entry.o(.text.hal_entry) refers to bsp_qspi_flash.o(.text.QSPI_FLASH_Init) for QSPI_FLASH_Init
    hal_entry.o(.text.hal_entry) refers to puts.o(i.puts) for puts
    hal_entry.o(.text.hal_entry) refers to bsp_delay.o(.text.R_BSP_SoftwareDelay) for R_BSP_SoftwareDelay
    hal_entry.o(.text.hal_entry) refers to i2c_ee.o(.text.I2C_EE_Writedrase) for I2C_EE_Writedrase
    hal_entry.o(.text.hal_entry) refers to i2c_ee.o(.text.I2C_Test) for I2C_Test
    hal_entry.o(.text.hal_entry) refers to common_data.o(.bss.g_ioport_ctrl) for g_ioport_ctrl
    hal_entry.o(.text.hal_entry) refers to r_ioport.o(.text.R_IOPORT_PinWrite) for R_IOPORT_PinWrite
    hal_entry.o(.text.hal_entry) refers to bsp_qspi_flash.o(.text.QSPI_FLASH_ReadDeviceID) for QSPI_FLASH_ReadDeviceID
    hal_entry.o(.text.hal_entry) refers to hal_entry.o(.bss.FlashDeviceID) for FlashDeviceID
    hal_entry.o(.text.hal_entry) refers to bsp_qspi_flash.o(.text.QSPI_FLASH_ReadID) for QSPI_FLASH_ReadID
    hal_entry.o(.text.hal_entry) refers to hal_entry.o(.bss.FlashID) for FlashID
    hal_entry.o(.text.hal_entry) refers to printfa.o(i.__0printf) for __2printf
    hal_entry.o(.text.hal_entry) refers to hal_entry.o(.rodata.str1.1) for .Lstr.17
    hal_entry.o(.text.hal_entry) refers to bsp_qspi_flash.o(.text.QSPI_FLASH_SectorErase) for QSPI_FLASH_SectorErase
    hal_entry.o(.text.hal_entry) refers to hal_entry.o(.data.Tx_Buffer) for Tx_Buffer
    hal_entry.o(.text.hal_entry) refers to bsp_qspi_flash.o(.text.QSPI_FLASH_BufferWrite) for QSPI_FLASH_BufferWrite
    hal_entry.o(.text.hal_entry) refers to hal_entry.o(.bss.Rx_Buffer) for Rx_Buffer
    hal_entry.o(.text.hal_entry) refers to bsp_qspi_flash.o(.text.QSPI_FLASH_BufferRead) for QSPI_FLASH_BufferRead
    hal_entry.o(.text.hal_entry) refers to bsp_qspi_flash.o(.text.Buffercmp) for Buffercmp
    hal_entry.o(.text.hal_entry) refers to queue.o(.text.xQueueGenericCreate) for xQueueGenericCreate
    hal_entry.o(.text.hal_entry) refers to hal_entry.o(.bss.xSemaphore) for xSemaphore
    hal_entry.o(.text.hal_entry) refers to queue.o(.text.xQueueGenericSend) for xQueueGenericSend
    hal_entry.o(.text.hal_entry) refers to event_groups.o(.text.xEventGroupCreate) for xEventGroupCreate
    hal_entry.o(.text.hal_entry) refers to hal_entry.o(.bss.xEventGroup) for xEventGroup
    hal_entry.o(.text.hal_entry) refers to debug_task.o(.text.vDebug_Task) for vDebug_Task
    hal_entry.o(.text.hal_entry) refers to tasks.o(.text.xTaskCreate) for xTaskCreate
    hal_entry.o(.text.hal_entry) refers to key_task.o(.text.vKey_Task) for vKey_Task
    hal_entry.o(.text.hal_entry) refers to adc_task.o(.text.vAdc_Task) for vAdc_Task
    hal_entry.o(.text.hal_entry) refers to pwm_task.o(.text.vPwm_Task) for vPwm_Task
    hal_entry.o(.text.hal_entry) refers to qe_touch_sample.o(.text.qe_touch_main) for qe_touch_main
    hal_entry.o(.text.hal_entry) refers to hal_entry.o(.bss.xHandleTaskTouch) for xHandleTaskTouch
    hal_entry.o(.text.hal_entry) refers to wdt_task.o(.text.vWdt_Task) for vWdt_Task
    hal_entry.o(.text.hal_entry) refers to tasks.o(.text.vTaskStartScheduler) for vTaskStartScheduler
    hal_entry.o(.ARM.exidx.text.hal_entry) refers to hal_entry.o(.text.hal_entry) for [Anonymous Symbol]
    hal_entry.o(.text.R_BSP_WarmStart) refers to common_data.o(.rodata.g_ioport) for g_ioport
    hal_entry.o(.text.R_BSP_WarmStart) refers to common_data.o(.bss.g_ioport_ctrl) for g_ioport_ctrl
    hal_entry.o(.text.R_BSP_WarmStart) refers to r_ioport.o(.text.R_IOPORT_Open) for R_IOPORT_Open
    hal_entry.o(.ARM.exidx.text.R_BSP_WarmStart) refers to hal_entry.o(.text.R_BSP_WarmStart) for [Anonymous Symbol]
    hal_entry.o(.text.vApplicationMallocFailedHook) refers to heap_4.o(.text.xPortGetFreeHeapSize) for xPortGetFreeHeapSize
    hal_entry.o(.text.vApplicationMallocFailedHook) refers to printfa.o(i.__0printf) for __2printf
    hal_entry.o(.ARM.exidx.text.vApplicationMallocFailedHook) refers to hal_entry.o(.text.vApplicationMallocFailedHook) for [Anonymous Symbol]
    hal_entry.o(.text.vApplicationStackOverflowHook) refers to printfa.o(i.__0printf) for __2printf
    hal_entry.o(.ARM.exidx.text.vApplicationStackOverflowHook) refers to hal_entry.o(.text.vApplicationStackOverflowHook) for [Anonymous Symbol]
    bsp_key.o(.text.R_key_read) refers to common_data.o(.bss.g_ioport_ctrl) for g_ioport_ctrl
    bsp_key.o(.text.R_key_read) refers to r_ioport.o(.text.R_IOPORT_PinRead) for R_IOPORT_PinRead
    bsp_key.o(.ARM.exidx.text.R_key_read) refers to bsp_key.o(.text.R_key_read) for [Anonymous Symbol]
[...]
    R_IOPORT_PinEventOutputWrite             0x00002735   Thumb Code    88  r_ioport.o(.text.R_IOPORT_PinEventOutputWrite)
    R_IOPORT_PinRead                         0x0000278d   Thumb Code    34  r_ioport.o(.text.R_IOPORT_PinRead)
    R_IOPORT_PinWrite                        0x000027af   Thumb Code    40  r_ioport.o(.text.R_IOPORT_PinWrite)
    R_IOPORT_PinsCfg                         0x000027d7   Thumb Code    12  r_ioport.o(.text.R_IOPORT_PinsCfg)
    R_IOPORT_PortDirectionSet                0x000027e3   Thumb Code    44  r_ioport.o(.text.R_IOPORT_PortDirectionSet)
    R_IOPORT_PortEventInputRead              0x0000280f   Thumb Code    24  r_ioport.o(.text.R_IOPORT_PortEventInputRead)
    R_IOPORT_PortEventOutputWrite            0x00002827   Thumb Code    32  r_ioport.o(.text.R_IOPORT_PortEventOutputWrite)
    R_IOPORT_PortRead                        0x00002847   Thumb Code    22  r_ioport.o(.text.R_IOPORT_PortRead)
    R_IOPORT_PortWrite                       0x0000285d   Thumb Code    32  r_ioport.o(.text.R_IOPORT_PortWrite)
    R_IWDT_CounterGet                        0x0000287d   Thumb Code    20  r_iwdt.o(.text.R_IWDT_CounterGet)
    R_IWDT_Open                              0x00002891   Thumb Code    64  r_iwdt.o(.text.R_IWDT_Open)
    R_IWDT_Refresh                           0x000028d1   Thumb Code    20  r_iwdt.o(.text.R_IWDT_Refresh)
    R_QSPI_AutoCalibrate                     0x000028e5   Thumb Code     4  r_qspi.o(.text.R_QSPI_AutoCalibrate)
    R_QSPI_BankSet                           0x000028e9   Thumb Code    16  r_qspi.o(.text.R_QSPI_BankSet)
    R_QSPI_Close                             0x000028f9   Thumb Code    40  r_qspi.o(.text.R_QSPI_Close)
    R_QSPI_DirectRead                        0x00002921   Thumb Code    30  r_qspi.o(.text.R_QSPI_DirectRead)
    R_QSPI_DirectTransfer                    0x0000293f   Thumb Code     4  r_qspi.o(.text.R_QSPI_DirectTransfer)
    R_QSPI_DirectWrite                       0x00002945   Thumb Code    50  r_qspi.o(.text.R_QSPI_DirectWrite)
    R_QSPI_Erase                             0x00002979   Thumb Code   168  r_qspi.o(.text.R_QSPI_Erase)
    R_QSPI_Open                              0x00002a21   Thumb Code   148  r_qspi.o(.text.R_QSPI_Open)
    R_QSPI_Read                              0x00002ab5   Thumb Code   112  bsp_qspi_flash.o(.text.R_QSPI_Read)
    R_QSPI_SpiProtocolSet                    0x00002b25   Thumb Code    18  r_qspi.o(.text.R_QSPI_SpiProtocolSet)
    R_QSPI_StatusGet                         0x00002b37   Thumb Code    48  r_qspi.o(.text.R_QSPI_StatusGet)
    R_QSPI_Write                             0x00002b69   Thumb Code   122  r_qspi.o(.text.R_QSPI_Write)
    R_QSPI_XipEnter                          0x00002be5   Thumb Code    60  r_qspi.o(.text.R_QSPI_XipEnter)
    R_QSPI_XipExit                           0x00002c21   Thumb Code    56  r_qspi.o(.text.R_QSPI_XipExit)
    R_SCI_UART_Open                          0x00002c59   Thumb Code   798  r_sci_uart.o(.text.R_SCI_UART_Open)
    R_SCI_UART_Write                         0x00002f77   Thumb Code    74  r_sci_uart.o(.text.R_SCI_UART_Write)
    Reset_Handler                            0x00002fc1   Thumb Code    10  startup.o(.text.Reset_Handler)
    SVC_Handler                              0x00002fd1   Thumb Code    36  portasm.o(.text.SVC_Handler)
    SysTick_Handler                          0x00002ff5   Thumb Code    38  port.o(.text.SysTick_Handler)
    SystemCoreClockUpdate                    0x0000301b   Thumb Code    44  bsp_clocks.o(.text.SystemCoreClockUpdate)
    SystemInit                               0x00003049   Thumb Code   212  system.o(.text.SystemInit)
    __aeabi_assert                           0x00003141   Thumb Code     6  bsp_common.o(.text.__aeabi_assert)
    adc_Init                                 0x00003149   Thumb Code    52  bsp_adc.o(.text.adc_Init)
    adc_callback                             0x000031a5   Thumb Code    14  bsp_adc.o(.text.adc_callback)
    adc_read                                 0x000031b9   Thumb Code   112  bsp_adc.o(.text.adc_read)
    adc_scan_end_isr                         0x00003229   Thumb Code     6  r_adc.o(.text.adc_scan_end_isr)
    bsp_clock_init                           0x00003231   Thumb Code   272  bsp_clocks.o(.text.bsp_clock_init)
    bsp_init                                 0x00003341   Thumb Code     2  bsp_common.o(.text.bsp_init_internal)
    bsp_init_internal                        0x00003341   Thumb Code     2  bsp_common.o(.text.bsp_init_internal)
    bsp_irq_cfg                              0x00003345   Thumb Code   146  bsp_irq.o(.text.bsp_irq_cfg)
    bsp_prv_software_delay_loop              0x000033d7   Thumb Code     8  bsp_delay.o(.text.bsp_prv_software_delay_loop)
    ctsu_end_interrupt                       0x00003539   Thumb Code   136  r_ctsu.o(.text.ctsu_end_interrupt)
    ctsu_end_isr                             0x000035c1   Thumb Code   100  r_ctsu.o(.text.ctsu_end_isr)
    ctsu_read_isr                            0x0000374d   Thumb Code   152  r_ctsu.o(.text.ctsu_read_isr)
    ctsu_write_isr                           0x000037e5   Thumb Code   158  r_ctsu.o(.text.ctsu_write_isr)
    debug_uart4_callback                     0x00003883   Thumb Code   120  bsp_uart4.o(.text.debug_uart4_callback)
    dmac_int_isr                             0x000038fb   Thumb Code    76  r_dmac.o(.text.dmac_int_isr)
    fputc                                    0x00003949   Thumb Code    48  bsp_uart4.o(.text.fputc)
    gpt0_timing_callback                     0x00003979   Thumb Code    40  bsp_gpt_timing.o(.text.gpt0_timing_callback)
    gpt7_input_capture_callback              0x000039a1   Thumb Code   194  bsp_gpt_input_capture.o(.text.gpt7_input_capture_callback)
    gpt_capture_a_isr                        0x00003ad1   Thumb Code     6  r_gpt.o(.text.gpt_capture_a_isr)
    gpt_capture_b_isr                        0x00003ad7   Thumb Code     6  r_gpt.o(.text.gpt_capture_b_isr)
    gpt_counter_overflow_isr                 0x00003add   Thumb Code   172  r_gpt.o(.text.gpt_counter_overflow_isr)
    hal_entry                                0x00003b89   Thumb Code   584  hal_entry.o(.text.hal_entry)
    i2c_callback                             0x00003e5d   Thumb Code    14  i2c_ee.o(.text.i2c_callback)
    iic_master_eri_isr                       0x00003e6b   Thumb Code   306  r_iic_master.o(.text.iic_master_eri_isr)
    iic_master_rxi_isr                       0x00004251   Thumb Code   328  r_iic_master.o(.text.iic_master_rxi_isr)
    iic_master_tei_isr                       0x00004399   Thumb Code   204  r_iic_master.o(.text.iic_master_tei_isr)
    iic_master_txi_isr                       0x00004465   Thumb Code   262  r_iic_master.o(.text.iic_master_txi_isr)
    iwdt_callback                            0x0000456b   Thumb Code    14  bsp_iwdt.o(.text.iwdt_callback)
    main                                     0x000045ad   Thumb Code    10  main.o(.text.main)
    Image$$BSS$$ZI$$Length                   0x000046fc   Number         0  anon$$obj.o ABSOLUTE
    pvPortMalloc                             0x0000476d   Thumb Code   298  heap_4.o(.text.pvPortMalloc)
    pxPortInitialiseStack                    0x00004897   Thumb Code   110  port.o(.text.pxPortInitialiseStack)
    qe_touch_callback                        0x00004905   Thumb Code    68  qe_touch_config.o(.text.qe_touch_callback)
    qe_touch_main                            0x00004949   Thumb Code   154  qe_touch_sample.o(.text.qe_touch_main)
    sci_uart_eri_isr                         0x00004d4f   Thumb Code   106  r_sci_uart.o(.text.sci_uart_eri_isr)
    sci_uart_rxi_isr                         0x00004db9   Thumb Code   136  r_sci_uart.o(.text.sci_uart_rxi_isr)
    sci_uart_tei_isr                         0x00004e41   Thumb Code    74  r_sci_uart.o(.text.sci_uart_tei_isr)
    sci_uart_txi_isr                         0x00004e8b   Thumb Code   138  r_sci_uart.o(.text.sci_uart_txi_isr)
    sdhimmc_accs_isr                         0x00004f15   Thumb Code   328  r_sdhi.o(.text.sdhimmc_accs_isr)
    sdhimmc_card_isr                         0x0000505d   Thumb Code   116  r_sdhi.o(.text.sdhimmc_card_isr)
    ulSetInterruptMask                       0x000050d1   Thumb Code    22  portasm.o(.text.ulSetInterruptMask)
    uxListRemove                             0x000050e7   Thumb Code    36  list.o(.text.uxListRemove)
    uxTaskResetEventItemValue                0x0000510b   Thumb Code    26  tasks.o(.text.uxTaskResetEventItemValue)
    vAdc_Task                                0x00005125   Thumb Code   152  adc_task.o(.text.vAdc_Task)
    vApplicationMallocFailedHook             0x000051dd   Thumb Code    20  hal_entry.o(.text.vApplicationMallocFailedHook)
    vClearInterruptMask                      0x00005215   Thumb Code    14  portasm.o(.text.vClearInterruptMask)
    vDebug_Task                              0x00005225   Thumb Code   204  debug_task.o(.text.vDebug_Task)
    vKey_Task                                0x00005329   Thumb Code   140  key_task.o(.text.vKey_Task)
    vListInitialise                          0x000053b5   Thumb Code    22  list.o(.text.vListInitialise)
    vListInitialiseItem                      0x000053cb   Thumb Code     6  list.o(.text.vListInitialiseItem)
    vListInsert                              0x000053d1   Thumb Code    58  list.o(.text.vListInsert)
    vPortEnterCritical                       0x0000540b   Thumb Code    30  port.o(.text.vPortEnterCritical)
    vPortExitCritical                        0x00005429   Thumb Code    28  port.o(.text.vPortExitCritical)
    vPortFree                                0x00005445   Thumb Code    84  heap_4.o(.text.vPortFree)
    vPortSVCHandler_C                        0x00005499   Thumb Code    16  port.o(.text.vPortSVCHandler_C)
    vPortSetupTimerInterrupt                 0x000054a9   Thumb Code    52  port.o(.text.vPortSetupTimerInterrupt)
    vPortYield                               0x000054dd   Thumb Code    24  port.o(.text.vPortYield)
    vPwm_Task                                0x000054f5   Thumb Code   204  pwm_task.o(.text.vPwm_Task)
    vRestoreContextOfFirstTask               0x00005601   Thumb Code    52  portasm.o(.text.vRestoreContextOfFirstTask)
    vStartFirstTask                          0x00005641   Thumb Code    36  portasm.o(.text.vStartFirstTask)
    vTaskDelay                               0x00005665   Thumb Code    38  tasks.o(.text.vTaskDelay)
    vTaskInternalSetTimeOutState             0x0000568b   Thumb Code    26  tasks.o(.text.vTaskInternalSetTimeOutState)
    vTaskMissedYield                         0x000056a5   Thumb Code    14  tasks.o(.text.vTaskMissedYield)
    vTaskPlaceOnEventList                    0x000056b3   Thumb Code    30  tasks.o(.text.vTaskPlaceOnEventList)
    vTaskPlaceOnUnorderedEventList           0x000056d1   Thumb Code    86  tasks.o(.text.vTaskPlaceOnUnorderedEventList)
    vTaskRemoveFromUnorderedEventList        0x00005727   Thumb Code   174  tasks.o(.text.vTaskRemoveFromUnorderedEventList)
    vTaskStartScheduler                      0x000057d5   Thumb Code   100  tasks.o(.text.vTaskStartScheduler)
    vTaskSuspendAll                          0x00005841   Thumb Code    16  tasks.o(.text.vTaskSuspendAll)
    vTaskSwitchContext                       0x00005851   Thumb Code   122  tasks.o(.text.vTaskSwitchContext)
    vWdt_Task                                0x000058cd   Thumb Code   188  wdt_task.o(.text.vWdt_Task)
    xEventGroupCreate                        0x000059f1   Thumb Code    28  event_groups.o(.text.xEventGroupCreate)
    xEventGroupSetBits                       0x00005a0d   Thumb Code    98  event_groups.o(.text.xEventGroupSetBits)
    xEventGroupWaitBits                      0x00005a6f   Thumb Code   170  event_groups.o(.text.xEventGroupWaitBits)
    xPortGetFreeHeapSize                     0x00005b19   Thumb Code    12  heap_4.o(.text.xPortGetFreeHeapSize)
    xPortStartScheduler                      0x00005b25   Thumb Code    72  port.o(.text.xPortStartScheduler)
    xQueueGenericCreate                      0x00005b6d   Thumb Code    62  queue.o(.text.xQueueGenericCreate)
    xQueueGenericReset                       0x00005bab   Thumb Code   112  queue.o(.text.xQueueGenericReset)
    xQueueGenericSend                        0x00005c1d   Thumb Code   246  queue.o(.text.xQueueGenericSend)
    xQueueReceive                            0x00005d15   Thumb Code   258  queue.o(.text.xQueueReceive)
    xQueueSemaphoreTake                      0x00005e19   Thumb Code   230  queue.o(.text.xQueueSemaphoreTake)
    xTaskCheckForTimeOut                     0x00005eff   Thumb Code    88  tasks.o(.text.xTaskCheckForTimeOut)
    xTaskCreate                              0x00005f59   Thumb Code   428  tasks.o(.text.xTaskCreate)
    xTaskDelayUntil                          0x00006105   Thumb Code    84  tasks.o(.text.xTaskDelayUntil)
    xTaskGenericNotifyFromISR                0x00006159   Thumb Code   286  tasks.o(.text.xTaskGenericNotifyFromISR)
    xTaskGenericNotifyWait                   0x00006277   Thumb Code   140  tasks.o(.text.xTaskGenericNotifyWait)
    xTaskGetTickCount                        0x00006303   Thumb Code    12  tasks.o(.text.xTaskGetTickCount)
    xTaskIncrementTick                       0x00006311   Thumb Code   388  tasks.o(.text.xTaskIncrementTick)
    xTaskRemoveFromEventList                 0x00006495   Thumb Code   222  tasks.o(.text.xTaskRemoveFromEventList)
    xTaskResumeAll                           0x00006575   Thumb Code   336  tasks.o(.text.xTaskResumeAll)
    __0printf                                0x000066c5   Thumb Code    22  printfa.o(i.__0printf)
    __1printf                                0x000066c5   Thumb Code     0  printfa.o(i.__0printf)
    __2printf                                0x000066c5   Thumb Code     0  printfa.o(i.__0printf)
    __c89printf                              0x000066c5   Thumb Code     0  printfa.o(i.__0printf)
    printf                                   0x000066c5   Thumb Code     0  printfa.o(i.__0printf)
    putchar                                  0x00006f99   Thumb Code     6  putchar.o(i.putchar)
    puts                                     0x00006fa5   Thumb Code    30  puts.o(i.puts)
    EEPROM                                   0x00006fd4   Data          12  hal_data.o(.rodata.EEPROM)
    EEPROM_cfg                               0x00006fe0   Data          56  hal_data.o(.rodata.EEPROM_cfg)
    EEPROM_extend                            0x00007018   Data          12  hal_data.o(.rodata.EEPROM_extend)
    Flash                                    0x00007024   Data          12  hal_data.o(.rodata.Flash)
    Flash_cfg                                0x00007030   Data          44  hal_data.o(.rodata.Flash_cfg)
    debug_uart4_cfg                          0x0000708c   Data          68  hal_data.o(.rodata.debug_uart4_cfg)
    debug_uart4_cfg_extend                   0x000070d0   Data          40  hal_data.o(.rodata.debug_uart4_cfg_extend)
    g_adc0_cfg                               0x000070f8   Data          44  hal_data.o(.rodata.g_adc0_cfg)
    g_adc0_cfg_extend                        0x00007124   Data          36  hal_data.o(.rodata.g_adc0_cfg_extend)
    g_adc0_channel_cfg                       0x00007148   Data          24  hal_data.o(.rodata.g_adc0_channel_cfg)
    g_bsp_pin_cfg                            0x00007160   Data           8  pin_data.o(.rodata.g_bsp_pin_cfg)
    g_bsp_pin_cfg_data                       0x00007168   Data         328  pin_data.o(.rodata.g_bsp_pin_cfg_data)
    g_ctsu_on_ctsu                           0x000072b0   Data          40  r_ctsu.o(.rodata.g_ctsu_on_ctsu)
    g_i2c_master_on_iic                      0x000072e0   Data          32  r_iic_master.o(.rodata.g_i2c_master_on_iic)
    g_interrupt_event_link_select            0x00007300   Data         384  vector_data.o(.rodata.g_interrupt_event_link_select)
    g_ioport                                 0x00007480   Data          12  common_data.o(.rodata.g_ioport)
    g_ioport_on_ioport                       0x0000748c   Data          52  r_ioport.o(.rodata.g_ioport_on_ioport)
    g_iwdt0_cfg                              0x000074c0   Data          36  hal_data.o(.rodata.g_iwdt0_cfg)
    g_qe_ctsu_cfg_config01                   0x000074e4   Data          92  qe_touch_config.o(.rodata.g_qe_ctsu_cfg_config01)
    g_qe_ctsu_element_cfg_config01           0x00007540   Data           8  qe_touch_config.o(.rodata.g_qe_ctsu_element_cfg_config01)
    g_qe_ctsu_instance_config01              0x00007548   Data          12  qe_touch_config.o(.rodata.g_qe_ctsu_instance_config01)
    g_qe_touch_button_cfg_config01           0x00007554   Data           6  qe_touch_config.o(.rodata.g_qe_touch_button_cfg_config01)
    g_qe_touch_cfg_config01                  0x0000755c   Data          44  qe_touch_config.o(.rodata.g_qe_touch_cfg_config01)
    g_qe_touch_instance_config01             0x00007588   Data          12  qe_touch_config.o(.rodata.g_qe_touch_instance_config01)
    g_qspi_on_spi_flash                      0x00007594   Data          52  r_qspi.o(.rodata.g_qspi_on_spi_flash)
    g_timer_gpt0_cfg                         0x000075c8   Data          36  hal_data.o(.rodata.g_timer_gpt0_cfg)
    g_timer_gpt0_extend                      0x000075ec   Data          72  hal_data.o(.rodata.g_timer_gpt0_extend)
    g_timer_gpt6_cfg                         0x00007634   Data          36  hal_data.o(.rodata.g_timer_gpt6_cfg)
    g_timer_gpt6_extend                      0x00007658   Data          72  hal_data.o(.rodata.g_timer_gpt6_extend)
    g_timer_gpt7_cfg                         0x000076a0   Data          36  hal_data.o(.rodata.g_timer_gpt7_cfg)
    g_timer_gpt7_extend                      0x000076c4   Data          72  hal_data.o(.rodata.g_timer_gpt7_extend)
    g_touch_on_ctsu                          0x0000770c   Data          40  rm_touch.o(.rodata.g_touch_on_ctsu)
    uxTopUsedPriority                        0x0000786c   Data           4  tasks.o(.rodata.uxTopUsedPriority)
    Load$$DATA$$Base                         0x000078c0   Number         0  anon$$obj.o ABSOLUTE
    Image$$__tz_FLASH_C$$Base                0x00008000   Number         0  anon$$obj.o ABSOLUTE
    Image$$__tz_FLASH_N$$Base                0x00008000   Number         0  anon$$obj.o ABSOLUTE
    Image$$__tz_DATA_FLASH_N$$Base           0x08000000   Number         0  anon$$obj.o ABSOLUTE
    Image$$__tz_DATA_FLASH_S$$Base           0x08000000   Number         0  anon$$obj.o ABSOLUTE
    Image$$DATA$$Base                        0x20000000   Number         0  anon$$obj.o ABSOLUTE
    Image$$__tz_RAM_S$$Base                  0x20000000   Number         0  anon$$obj.o ABSOLUTE
    __stdout                                 0x20000000   Data           4  stdout.o(.data)
    Tx_Buffer                                0x20000004   Data          16  hal_entry.o(.data.Tx_Buffer)
    debug_uart4_baud_setting                 0x20000014   Data           4  hal_data.o(.data.debug_uart4_baud_setting)
    timeout_ms                               0x20000020   Data           4  i2c_ee.o(.data.timeout_ms)
    Circular_queue                           0x20000028   Data         304  bsp_uart4.o(.bss.Circular_queue)
    Image$$BSS$$ZI$$Base                     0x20000028   Number         0  anon$$obj.o ABSOLUTE
    EEPROM_ctrl                              0x20000158   Data          64  hal_data.o(.bss.EEPROM_ctrl)
    FlashDeviceID                            0x20000198   Data           4  hal_entry.o(.bss.FlashDeviceID)
    FlashID                                  0x2000019c   Data           4  hal_entry.o(.bss.FlashID)
    Flash_ctrl                               0x200001a0   Data          16  hal_data.o(.bss.Flash_ctrl)
    Rx_Buffer                                0x200001b0   Data          16  hal_entry.o(.bss.Rx_Buffer)
    SystemCoreClock                          0x200001c0   Data           4  system.o(.bss.SystemCoreClock)
    button_status                            0x200001c8   Data           8  qe_touch_sample.o(.bss.button_status)
    debug_uart4_ctrl                         0x200001d0   Data          48  hal_data.o(.bss.debug_uart4_ctrl)
    g_adc0_ctrl                              0x20000200   Data          36  hal_data.o(.bss.g_adc0_ctrl)
    g_bsp_group_irq_sources                  0x20000224   Data          64  bsp_group_irq.o(.bss.g_bsp_group_irq_sources)
    g_i2c_callback_event                     0x200002a8   Data           4  i2c_ee.o(.bss.g_i2c_callback_event)
    g_ioport_ctrl                            0x200002ac   Data           8  common_data.o(.bss.g_ioport_ctrl)
    g_iwdt0_ctrl                             0x200002b4   Data          20  hal_data.o(.bss.g_iwdt0_ctrl)
    g_protect_counters                       0x200002c8   Data           8  bsp_register_protection.o(.bss.g_protect_counters)
    g_protect_pfswe_counter                  0x200002d0   Data           4  bsp_io.o(.bss.g_protect_pfswe_counter)
    g_qe_ctsu_ctrl_config01                  0x200002d4   Data         152  qe_touch_config.o(.bss.g_qe_ctsu_ctrl_config01)
    g_qe_ctsu_event                          0x2000036c   Data           4  qe_touch_config.o(.bss.g_qe_ctsu_event)
    g_qe_touch_ctrl_config01                 0x20000370   Data         128  qe_touch_config.o(.bss.g_qe_touch_ctrl_config01)
    g_qe_touch_flag                          0x200003f0   Data           1  qe_touch_config.o(.bss.g_qe_touch_flag)
    g_timer_gpt0_ctrl                        0x200003f4   Data          32  hal_data.o(.bss.g_timer_gpt0_ctrl)
    g_timer_gpt6_ctrl                        0x20000414   Data          32  hal_data.o(.bss.g_timer_gpt6_ctrl)
    g_timer_gpt7_ctrl                        0x20000434   Data          32  hal_data.o(.bss.g_timer_gpt7_ctrl)
    gp_renesas_isr_context                   0x2000046c   Data         384  bsp_irq.o(.bss.gp_renesas_isr_context)
    gp_touch_isr_context                     0x200005ec   Data           4  rm_touch.o(.bss.gp_touch_isr_context)
    info                                     0x200005fc   Data          12  bsp_gpt_input_capture.o(.bss.info)
    period                                   0x20000608   Data           4  bsp_gpt_input_capture.o(.bss.period)
    pwm_duty                                 0x2000060c   Data           4  bsp_gpt_input_capture.o(.bss.pwm_duty)
    pwm_freq                                 0x20000610   Data           4  bsp_gpt_input_capture.o(.bss.pwm_freq)
    pwm_high_level_time                      0x20000614   Data           4  bsp_gpt_input_capture.o(.bss.pwm_high_level_time)
    pwm_period                               0x20000618   Data           4  bsp_gpt_input_capture.o(.bss.pwm_period)
    pxCurrentTCB                             0x2000061c   Data           4  tasks.o(.bss.pxCurrentTCB)
    scan_complete_flag                       0x20000690   Data           1  bsp_adc.o(.bss.scan_complete_flag)
    uart_send_complete_flag                  0x20000691   Data           1  bsp_uart4.o(.bss.uart_send_complete_flag)
    xEventGroup                              0x200046cc   Data           4  hal_entry.o(.bss.xEventGroup)
    xHandleTaskTouch                         0x200046d4   Data           4  hal_entry.o(.bss.xHandleTaskTouch)
    xQueue                                   0x20004708   Data           4  adc_task.o(.bss.xQueue)
    xSemaphore                               0x20004710   Data           4  hal_entry.o(.bss.xSemaphore)
    Image$$__tz_RAM_C$$Base                  0x20080000   Number         0  anon$$obj.o ABSOLUTE
    Image$$__tz_RAM_N$$Base                  0x20080000   Number         0  anon$$obj.o ABSOLUTE



==============================================================================

Memory Map of the image

  Image Entry point : 0x00002fc1

  Load Region LOAD_REGION_FLASH (Base: 0x00000000, Size: 0x000078e8, Max: 0x00200000, ABSOLUTE)

    Execution Region __tz_FLASH_S (Exec base: 0x00000000, Load base: 0x00000000, Size: 0x00000000, Max: 0x00000000, ABSOLUTE)

    Exec Addr    Load Addr    Size         Type   Attr      Idx    E Section Name        Object

    0x00000000        -       0x00000000   Zero   RW            1    __tz_FLASH_S.bss    anon$$obj.o


    Execution Region VECTORS (Exec base: 0x00000000, Load base: 0x00000000, Size: 0x000001c0, Max: 0xffffffff, ABSOLUTE, FIXED)

    Exec Addr    Load Addr    Size         Type   Attr      Idx    E Section Name        Object

    0x00000000   0x00000000   0x00000040   Data   RO          874    .fixed_vectors      startup.o
    0x00000040   0x00000040   0x00000180   Data   RO         1609    .application_vectors  vector_data.o


    Execution Region MCUBOOT_SCE9_KEY (Exec base: 0x000001c0, Load base: 0x000001c0, Size: 0x00000000, Max: 0xffffffff, ABSOLUTE, FIXED)

    **** No section assigned to this execution region ****


    Execution Region INIT_ARRAY (Exec base: 0x000001c0, Load base: 0x000001c0, Size: 0x00000000, Max: 0xffffffff, ABSOLUTE, FIXED)

    **** No section assigned to this execution region ****


    Execution Region USB_DESC_FS (Exec base: 0x000001c0, Load base: 0x000001c0, Size: 0x00000000, Max: 0xffffffff, ABSOLUTE, FIXED)

    **** No section assigned to this execution region ****


    Execution Region RO_CODE_DATA (Exec base: 0x000001c0, Load base: 0x000001c0, Size: 0x00007700, Max: 0xffffffff, ABSOLUTE, FIXED)

    Exec Addr    Load Addr    Size         Type   Attr      Idx    E Section Name        Object

    0x000001c0   0x000001c0   0x00000062   Code   RO         1623    .text               mc_w.l(uldiv.o)
    0x00000222   0x00000222   0x00000024   Code   RO         1627    .text               mc_w.l(memcpya.o)
    0x00000246   0x00000246   0x00000024   Code   RO         1629    .text               mc_w.l(memseta.o)
    0x0000026a   0x0000026a   0x000000e4   Code   RO         1898    .text               mf_w.l(dmul.o)
    0x0000034e   0x0000034e   0x000000de   Code   RO         1900    .text               mf_w.l(ddiv.o)
    0x0000042c   0x0000042c   0x0000001a   Code   RO         1902    .text               mf_w.l(dfltui.o)
    0x00000446   0x00000446   0x0000002c   Code   RO         1914    .text               mc_w.l(uidiv.o)
    0x00000472   0x00000472   0x0000001e   Code   RO         1916    .text               mc_w.l(llshl.o)
    0x00000490   0x00000490   0x00000020   Code   RO         1918    .text               mc_w.l(llushr.o)
    0x000004b0   0x000004b0   0x00000000   Code   RO         1920    .text               mc_w.l(iusefp.o)
    0x000004b0   0x000004b0   0x000000ba   Code   RO         1921    .text               mf_w.l(depilogue.o)
    0x0000056a   0x0000056a   0x0000014e   Code   RO         1923    .text               mf_w.l(dadd.o)
    0x000006b8   0x000006b8   0x00000030   Code   RO         1925    .text               mf_w.l(dfixul.o)
    0x000006e8   0x000006e8   0x00000030   Code   RO         1927    .text               mf_w.l(cdrcmple.o)
    0x00000718   0x00000718   0x00000024   Code   RO         1929    .text               mc_w.l(llsshr.o)
    0x0000073c   0x0000073c   0x00000022   Code   RO          181    .text.Buffercmp     bsp_qspi_flash.o
    0x0000075e   0x0000075e   0x00000002   PAD
    0x00000760   0x00000760   0x00000050   Code   RO          109    .text.Debug_UART4_Init  bsp_uart4.o
    0x000007b0   0x000007b0   0x00000004   Code   RO          871    .text.Default_Handler  startup.o
    0x000007b4   0x000007b4   0x00000044   Code   RO          253    .text.GPT_InputCapture_Init  bsp_gpt_input_capture.o
    0x000007f8   0x000007f8   0x00000028   Code   RO          274    .text.GPT_PWM_Init  bsp_gpt_pwm_output.o
    0x00000820   0x00000820   0x0000003a   Code   RO          276    .text.GPT_PWM_SetDuty  bsp_gpt_pwm_output.o
    0x0000085a   0x0000085a   0x00000022   Code   RO          241    .text.GPT_Timing_Init  bsp_gpt_timing.o
    0x0000087c   0x0000087c   0x0000007c   Code   RO          137    .text.I2C_EE_BufferRead  i2c_ee.o
    0x000008f8   0x000008f8   0x00000096   Code   RO          135    .text.I2C_EE_BufferWrite  i2c_ee.o
    0x0000098e   0x0000098e   0x00000026   Code   RO          127    .text.I2C_EE_Init   i2c_ee.o
    0x000009b4   0x000009b4   0x00000028   Code   RO          133    .text.I2C_EE_WaitState  i2c_ee.o
    0x000009dc   0x000009dc   0x00000020   Code   RO          139    .text.I2C_EE_Writedrase  i2c_ee.o
    0x000009fc   0x000009fc   0x0000007a   Code   RO          131    .text.I2C_EE_Writepage  i2c_ee.o
    0x00000a76   0x00000a76   0x00000002   PAD
    0x00000a78   0x00000a78   0x00000144   Code   RO          141    .text.I2C_Test      i2c_ee.o
    0x00000bbc   0x00000bbc   0x0000000c   Code   RO          288    .text.IWDT_Feed     bsp_iwdt.o
    0x00000bc8   0x00000bc8   0x00000044   Code   RO          286    .text.IWDT_Init     bsp_iwdt.o
    0x00000c0c   0x00000c0c   0x0000004c   Code   RO           63    .text.Key_Scan      bsp_key.o
    0x00000c58   0x00000c58   0x00000036   Code   RO          956    .text.NMI_Handler   bsp_group_irq.o
    0x00000c8e   0x00000c8e   0x00000002   PAD
    0x00000c90   0x00000c90   0x00000054   Code   RO          605    .text.PendSV_Handler  portasm.o
    0x00000ce4   0x00000ce4   0x00000012   Code   RO          179    .text.QSPI_FLASH_BufferRead  bsp_qspi_flash.o
    0x00000cf6   0x00000cf6   0x00000002   PAD
    0x00000cf8   0x00000cf8   0x00000106   Code   RO          173    .text.QSPI_FLASH_BufferWrite  bsp_qspi_flash.o
    0x00000dfe   0x00000dfe   0x00000020   Code   RO          155    .text.QSPI_FLASH_Init  bsp_qspi_flash.o
    0x00000e1e   0x00000e1e   0x0000004e   Code   RO          159    .text.QSPI_FLASH_ReadDeviceID  bsp_qspi_flash.o
    0x00000e6c   0x00000e6c   0x00000050   Code   RO          157    .text.QSPI_FLASH_ReadID  bsp_qspi_flash.o
    0x00000ebc   0x00000ebc   0x00000050   Code   RO          175    .text.QSPI_FLASH_SectorErase  bsp_qspi_flash.o
    0x00000f0c   0x00000f0c   0x000000b4   Code   RO          169    .text.QSPI_FLASH_WaitForWriteEnd  bsp_qspi_flash.o
    0x00000fc0   0x00000fc0   0x0000002a   Code   RO          101    .text.Queue_HadUse  bsp_uart4.o
    0x00000fea   0x00000fea   0x0000001a   Code   RO           95    .text.Queue_Init    bsp_uart4.o
    0x00001004   0x00001004   0x00000070   Code   RO          107    .text.Queue_Read    bsp_uart4.o
    0x00001074   0x00001074   0x00000014   Code   RO           97    .text.Queue_isEmpty  bsp_uart4.o
    0x00001088   0x00001088   0x0000000e   Code   RO         1497    .text.RM_TOUCH_CallbackSet  rm_touch.o
    0x00001096   0x00001096   0x00000042   Code   RO         1499    .text.RM_TOUCH_Close  rm_touch.o
    0x000010d8   0x000010d8   0x000001ee   Code   RO         1491    .text.RM_TOUCH_DataGet  rm_touch.o
    0x000012c6   0x000012c6   0x00000008   Code   RO         1505    .text.RM_TOUCH_DriftControl  rm_touch.o
    0x000012ce   0x000012ce   0x00000002   PAD
    0x000012d0   0x000012d0   0x0000016e   Code   RO         1487    .text.RM_TOUCH_Open  rm_touch.o
    0x0000143e   0x0000143e   0x00000004   Code   RO         1495    .text.RM_TOUCH_PadDataGet  rm_touch.o
    0x00001442   0x00001442   0x00000014   Code   RO         1489    .text.RM_TOUCH_ScanStart  rm_touch.o
    0x00001456   0x00001456   0x00000022   Code   RO         1493    .text.RM_TOUCH_ScanStop  rm_touch.o
    0x00001478   0x00001478   0x00000074   Code   RO         1501    .text.RM_TOUCH_SensitivityRatioGet  rm_touch.o
    0x000014ec   0x000014ec   0x0000007a   Code   RO         1503    .text.RM_TOUCH_ThresholdAdjust  rm_touch.o
    0x00001566   0x00001566   0x00000002   PAD
    0x00001568   0x00001568   0x00000110   Code   RO         1037    .text.R_ADC_Open    r_adc.o
    0x00001678   0x00001678   0x0000000e   Code   RO         1049    .text.R_ADC_Read    r_adc.o
    0x00001686   0x00001686   0x000001d6   Code   RO         1039    .text.R_ADC_ScanCfg  r_adc.o
    0x0000185c   0x0000185c   0x0000000a   Code   RO         1041    .text.R_ADC_ScanStart  r_adc.o
    0x00001866   0x00001866   0x00000012   Code   RO          954    .text.R_BSP_GroupIrqWrite  bsp_group_irq.o
    0x00001878   0x00001878   0x0000004e   Code   RO          914    .text.R_BSP_Init_RTC  bsp_clocks.o
    0x000018c6   0x000018c6   0x0000004e   Code   RO          987    .text.R_BSP_RegisterProtectDisable  bsp_register_protection.o
    0x00001914   0x00001914   0x00000052   Code   RO          985    .text.R_BSP_RegisterProtectEnable  bsp_register_protection.o
    0x00001966   0x00001966   0x00000048   Code   RO          942    .text.R_BSP_SoftwareDelay  bsp_delay.o
    0x000019ae   0x000019ae   0x0000001c   Code   RO           39    .text.R_BSP_WarmStart  hal_entry.o
    0x000019ca   0x000019ca   0x00000010   Code   RO         1094    .text.R_CTSU_CallbackSet  r_ctsu.o
    0x000019da   0x000019da   0x00000054   Code   RO         1096    .text.R_CTSU_Close  r_ctsu.o
    0x00001a2e   0x00001a2e   0x00000002   PAD
    0x00001a30   0x00001a30   0x0000007e   Code   RO         1088    .text.R_CTSU_DataGet  r_ctsu.o
    0x00001aae   0x00001aae   0x00000002   PAD
    0x00001ab0   0x00001ab0   0x0000003a   Code   RO         1100    .text.R_CTSU_DataInsert  r_ctsu.o
    0x00001aea   0x00001aea   0x0000000e   Code   RO         1092    .text.R_CTSU_Diagnosis  r_ctsu.o
    0x00001af8   0x00001af8   0x000004c6   Code   RO         1084    .text.R_CTSU_Open   r_ctsu.o
    0x00001fbe   0x00001fbe   0x000000b0   Code   RO         1086    .text.R_CTSU_ScanStart  r_ctsu.o
    0x0000206e   0x0000206e   0x00000066   Code   RO         1090    .text.R_CTSU_ScanStop  r_ctsu.o
    0x000020d4   0x000020d4   0x0000006c   Code   RO         1098    .text.R_CTSU_SpecificDataGet  r_ctsu.o
    0x00002140   0x00002140   0x000000ac   Code   RO         1201    .text.R_GPT_DutyCycleSet  r_gpt.o
    0x000021ec   0x000021ec   0x00000038   Code   RO         1195    .text.R_GPT_Enable  r_gpt.o
    0x00002224   0x00002224   0x0000003c   Code   RO         1203    .text.R_GPT_InfoGet  r_gpt.o
    0x00002260   0x00002260   0x00000206   Code   RO         1187    .text.R_GPT_Open    r_gpt.o
    0x00002466   0x00002466   0x0000000a   Code   RO         1189    .text.R_GPT_Start   r_gpt.o
    0x00002470   0x00002470   0x00000032   Code   RO         1250    .text.R_IIC_MASTER_Abort  r_iic_master.o
    0x000024a2   0x000024a2   0x0000000e   Code   RO         1254    .text.R_IIC_MASTER_CallbackSet  r_iic_master.o
    0x000024b0   0x000024b0   0x000000d0   Code   RO         1258    .text.R_IIC_MASTER_Close  r_iic_master.o
    0x00002580   0x00002580   0x00000080   Code   RO         1244    .text.R_IIC_MASTER_Open  r_iic_master.o
    0x00002600   0x00002600   0x0000000c   Code   RO         1246    .text.R_IIC_MASTER_Read  r_iic_master.o
    0x0000260c   0x0000260c   0x0000000a   Code   RO         1252    .text.R_IIC_MASTER_SlaveAddressSet  r_iic_master.o
    0x00002616   0x00002616   0x00000018   Code   RO         1256    .text.R_IIC_MASTER_StatusGet  r_iic_master.o
    0x0000262e   0x0000262e   0x0000000c   Code   RO         1248    .text.R_IIC_MASTER_Write  r_iic_master.o
    0x0000263a   0x0000263a   0x0000000a   Code   RO         1285    .text.R_IOPORT_Close  r_ioport.o
    0x00002644   0x00002644   0x00000016   Code   RO         1283    .text.R_IOPORT_Open  r_ioport.o
    0x0000265a   0x0000265a   0x000000b2   Code   RO         1289    .text.R_IOPORT_PinCfg  r_ioport.o
    0x0000270c   0x0000270c   0x00000028   Code   RO         1291    .text.R_IOPORT_PinEventInputRead  r_ioport.o
    0x00002734   0x00002734   0x00000058   Code   RO         1293    .text.R_IOPORT_PinEventOutputWrite  r_ioport.o
    0x0000278c   0x0000278c   0x00000022   Code   RO         1295    .text.R_IOPORT_PinRead  r_ioport.o
    0x000027ae   0x000027ae   0x00000028   Code   RO         1297    .text.R_IOPORT_PinWrite  r_ioport.o
    0x000027d6   0x000027d6   0x0000000c   Code   RO         1287    .text.R_IOPORT_PinsCfg  r_ioport.o
    0x000027e2   0x000027e2   0x0000002c   Code   RO         1299    .text.R_IOPORT_PortDirectionSet  r_ioport.o
    0x0000280e   0x0000280e   0x00000018   Code   RO         1301    .text.R_IOPORT_PortEventInputRead  r_ioport.o
    0x00002826   0x00002826   0x00000020   Code   RO         1303    .text.R_IOPORT_PortEventOutputWrite  r_ioport.o
    0x00002846   0x00002846   0x00000016   Code   RO         1305    .text.R_IOPORT_PortRead  r_ioport.o
    0x0000285c   0x0000285c   0x00000020   Code   RO         1307    .text.R_IOPORT_PortWrite  r_ioport.o
    0x0000287c   0x0000287c   0x00000014   Code   RO         1330    .text.R_IWDT_CounterGet  r_iwdt.o
    0x00002890   0x00002890   0x00000040   Code   RO         1322    .text.R_IWDT_Open   r_iwdt.o
    0x000028d0   0x000028d0   0x00000014   Code   RO         1324    .text.R_IWDT_Refresh  r_iwdt.o
    0x000028e4   0x000028e4   0x00000004   Code   RO         1370    .text.R_QSPI_AutoCalibrate  r_qspi.o
    0x000028e8   0x000028e8   0x00000010   Code   RO         1368    .text.R_QSPI_BankSet  r_qspi.o
    0x000028f8   0x000028f8   0x00000028   Code   RO         1372    .text.R_QSPI_Close  r_qspi.o
    0x00002920   0x00002920   0x0000001e   Code   RO         1352    .text.R_QSPI_DirectRead  r_qspi.o
    0x0000293e   0x0000293e   0x00000004   Code   RO         1354    .text.R_QSPI_DirectTransfer  r_qspi.o
    0x00002942   0x00002942   0x00000002   PAD
    0x00002944   0x00002944   0x00000032   Code   RO         1350    .text.R_QSPI_DirectWrite  r_qspi.o
    0x00002976   0x00002976   0x00000002   PAD
    0x00002978   0x00002978   0x000000a8   Code   RO         1360    .text.R_QSPI_Erase  r_qspi.o
    0x00002a20   0x00002a20   0x00000094   Code   RO         1348    .text.R_QSPI_Open   r_qspi.o
    0x00002ab4   0x00002ab4   0x00000070   Code   RO          171    .text.R_QSPI_Read   bsp_qspi_flash.o
    0x00002b24   0x00002b24   0x00000012   Code   RO         1356    .text.R_QSPI_SpiProtocolSet  r_qspi.o
    0x00002b36   0x00002b36   0x00000030   Code   RO         1362    .text.R_QSPI_StatusGet  r_qspi.o
    0x00002b66   0x00002b66   0x00000002   PAD
    0x00002b68   0x00002b68   0x0000007a   Code   RO         1358    .text.R_QSPI_Write  r_qspi.o
    0x00002be2   0x00002be2   0x00000002   PAD
    0x00002be4   0x00002be4   0x0000003c   Code   RO         1364    .text.R_QSPI_XipEnter  r_qspi.o
    0x00002c20   0x00002c20   0x00000038   Code   RO         1366    .text.R_QSPI_XipExit  r_qspi.o
    0x00002c58   0x00002c58   0x0000031e   Code   RO         1383    .text.R_SCI_UART_Open  r_sci_uart.o
    0x00002f76   0x00002f76   0x0000004a   Code   RO         1387    .text.R_SCI_UART_Write  r_sci_uart.o
    0x00002fc0   0x00002fc0   0x0000000a   Code   RO          869  * .text.Reset_Handler  startup.o
    0x00002fca   0x00002fca   0x00000006   PAD
    0x00002fd0   0x00002fd0   0x00000024   Code   RO          607    .text.SVC_Handler   portasm.o
    0x00002ff4   0x00002ff4   0x00000026   Code   RO          568    .text.SysTick_Handler  port.o
    0x0000301a   0x0000301a   0x0000002c   Code   RO          900    .text.SystemCoreClockUpdate  bsp_clocks.o
    0x00003046   0x00003046   0x00000002   PAD
    0x00003048   0x00003048   0x000000d4   Code   RO          883    .text.SystemInit    system.o
    0x0000311c   0x0000311c   0x00000024   Code   RO          292    .text.__NVIC_SystemReset  bsp_iwdt.o
    0x00003140   0x00003140   0x00000006   Code   RO          929    .text.__aeabi_assert  bsp_common.o
    0x00003146   0x00003146   0x00000002   PAD
    0x00003148   0x00003148   0x0000005c   Code   RO          213    .text.adc_Init      bsp_adc.o
    0x000031a4   0x000031a4   0x0000000e   Code   RO          211    .text.adc_callback  bsp_adc.o
    0x000031b2   0x000031b2   0x00000006   PAD
    0x000031b8   0x000031b8   0x00000070   Code   RO          215    .text.adc_read      bsp_adc.o
    0x00003228   0x00003228   0x00000006   Code   RO         1067    .text.adc_scan_end_isr  r_adc.o
    0x0000322e   0x0000322e   0x00000002   PAD
    0x00003230   0x00003230   0x00000110   Code   RO          906    .text.bsp_clock_init  bsp_clocks.o
    0x00003340   0x00003340   0x00000002   Code   RO          925    .text.bsp_init_internal  bsp_common.o
    0x00003342   0x00003342   0x00000002   PAD
    0x00003344   0x00003344   0x00000092   Code   RO          974    .text.bsp_irq_cfg   bsp_irq.o
    0x000033d6   0x000033d6   0x00000008   Code   RO          944    .text.bsp_prv_software_delay_loop  bsp_delay.o
    0x000033de   0x000033de   0x00000002   PAD
    0x000033e0   0x000033e0   0x00000094   Code   RO         1311    .text.bsp_vbatt_init  r_ioport.o
    0x00003474   0x00003474   0x000000c4   Code   RO         1102    .text.ctsu_correction_exec  r_ctsu.o
    0x00003538   0x00003538   0x00000088   Code   RO         1112    .text.ctsu_end_interrupt  r_ctsu.o
    0x000035c0   0x000035c0   0x00000064   Code   RO         1114    .text.ctsu_end_isr  r_ctsu.o
    0x00003624   0x00003624   0x00000128   Code   RO         1104    .text.ctsu_initial_offset_tuning  r_ctsu.o
    0x0000374c   0x0000374c   0x00000098   Code   RO         1110    .text.ctsu_read_isr  r_ctsu.o
    0x000037e4   0x000037e4   0x0000009e   Code   RO         1108    .text.ctsu_write_isr  r_ctsu.o
    0x00003882   0x00003882   0x00000078   Code   RO          111    .text.debug_uart4_callback  bsp_uart4.o
    0x000038fa   0x000038fa   0x0000004c   Code   RO         1176    .text.dmac_int_isr  r_dmac.o
    0x00003946   0x00003946   0x00000002   PAD
    0x00003948   0x00003948   0x00000030   Code   RO          113    .text.fputc         bsp_uart4.o
    0x00003978   0x00003978   0x00000028   Code   RO          243    .text.gpt0_timing_callback  bsp_gpt_timing.o
    0x000039a0   0x000039a0   0x000000c2   Code   RO          255    .text.gpt7_input_capture_callback  bsp_gpt_input_capture.o
    0x00003a62   0x00003a62   0x0000006e   Code   RO         1211    .text.gpt_calculate_duty_cycle  r_gpt.o
    0x00003ad0   0x00003ad0   0x00000006   Code   RO         1227    .text.gpt_capture_a_isr  r_gpt.o
    0x00003ad6   0x00003ad6   0x00000006   Code   RO         1231    .text.gpt_capture_b_isr  r_gpt.o
    0x00003adc   0x00003adc   0x000000ac   Code   RO         1225    .text.gpt_counter_overflow_isr  r_gpt.o
    0x00003b88   0x00003b88   0x000002d4   Code   RO           37    .text.hal_entry     hal_entry.o
    0x00003e5c   0x00003e5c   0x0000000e   Code   RO          125    .text.i2c_callback  i2c_ee.o
    0x00003e6a   0x00003e6a   0x00000132   Code   RO         1270    .text.iic_master_eri_isr  r_iic_master.o
    0x00003f9c   0x00003f9c   0x00000036   Code   RO         1272    .text.iic_master_notify  r_iic_master.o
    0x00003fd2   0x00003fd2   0x00000172   Code   RO         1260    .text.iic_master_open_hw_master  r_iic_master.o
    0x00004144   0x00004144   0x0000010a   Code   RO         1262    .text.iic_master_read_write  r_iic_master.o
    0x0000424e   0x0000424e   0x00000002   PAD
    0x00004250   0x00004250   0x00000148   Code   RO         1264    .text.iic_master_rxi_isr  r_iic_master.o
    0x00004398   0x00004398   0x000000cc   Code   RO         1268    .text.iic_master_tei_isr  r_iic_master.o
    0x00004464   0x00004464   0x00000106   Code   RO         1266    .text.iic_master_txi_isr  r_iic_master.o
    0x0000456a   0x0000456a   0x0000000e   Code   RO          294    .text.iwdt_callback  bsp_iwdt.o
    0x00004578   0x00004578   0x00000034   Code   RO         1336    .text.iwdt_nmi_internal_callback  r_iwdt.o
    0x000045ac   0x000045ac   0x0000000a   Code   RO         1593    .text.main          main.o
    0x000045b6   0x000045b6   0x00000060   Code   RO          441    .text.prvAddCurrentTaskToDelayedList  tasks.o
    0x00004616   0x00004616   0x00000062   Code   RO          355    .text.prvCopyDataToQueue  queue.o
    0x00004678   0x00004678   0x00000014   Code   RO          449    .text.prvIdleTask   tasks.o
    0x0000468c   0x0000468c   0x00000052   Code   RO          531    .text.prvInsertBlockIntoFreeList  heap_4.o
    0x000046de   0x000046de   0x00000002   PAD
    0x000046e0   0x000046e0   0x00000016   Code   RO          574    .text.prvTaskExitError  port.o
    0x000046f6   0x000046f6   0x00000002   PAD
    0x000046f8   0x000046f8   0x00000072   Code   RO          357    .text.prvUnlockQueue  queue.o
    0x0000476a   0x0000476a   0x00000002   PAD
    0x0000476c   0x0000476c   0x0000012a   Code   RO          529    .text.pvPortMalloc  heap_4.o
    0x00004896   0x00004896   0x0000006e   Code   RO          572    .text.pxPortInitialiseStack  port.o
    0x00004904   0x00004904   0x00000044   Code   RO          840    .text.qe_touch_callback  qe_touch_config.o
    0x00004948   0x00004948   0x0000009a   Code   RO          859    .text.qe_touch_main  qe_touch_sample.o
    0x000049e2   0x000049e2   0x00000058   Code   RO         1063    .text.r_adc_irq_enable  r_adc.o
    0x00004a3a   0x00004a3a   0x000000b0   Code   RO         1069    .text.r_adc_scan_end_common_isr  r_adc.o
    0x00004aea   0x00004aea   0x000000be   Code   RO         1229    .text.r_gpt_capture_common_isr  r_gpt.o
    0x00004ba8   0x00004ba8   0x00000058   Code   RO         1233    .text.r_gpt_enable_irq  r_gpt.o
    0x00004c00   0x00004c00   0x000000c4   Code   RO         1309    .text.r_ioport_pins_config  r_ioport.o
    0x00004cc4   0x00004cc4   0x00000040   Code   RO         1405    .text.r_sci_uart_call_callback  r_sci_uart.o
    0x00004d04   0x00004d04   0x0000004a   Code   RO         1462    .text.r_sdhi_call_callback  r_sdhi.o
    0x00004d4e   0x00004d4e   0x0000006a   Code   RO         1411    .text.sci_uart_eri_isr  r_sci_uart.o
    0x00004db8   0x00004db8   0x00000088   Code   RO         1407    .text.sci_uart_rxi_isr  r_sci_uart.o
    0x00004e40   0x00004e40   0x0000004a   Code   RO         1409    .text.sci_uart_tei_isr  r_sci_uart.o
    0x00004e8a   0x00004e8a   0x0000008a   Code   RO         1403    .text.sci_uart_txi_isr  r_sci_uart.o
    0x00004f14   0x00004f14   0x00000148   Code   RO         1464    .text.sdhimmc_accs_isr  r_sdhi.o
    0x0000505c   0x0000505c   0x00000074   Code   RO         1466    .text.sdhimmc_card_isr  r_sdhi.o
    0x000050d0   0x000050d0   0x00000016   Code   RO          601    .text.ulSetInterruptMask  portasm.o
    0x000050e6   0x000050e6   0x00000024   Code   RO          339    .text.uxListRemove  list.o
    0x0000510a   0x0000510a   0x0000001a   Code   RO          485    .text.uxTaskResetEventItemValue  tasks.o
    0x00005124   0x00005124   0x000000b8   Code   RO          662    .text.vAdc_Task     adc_task.o
    0x000051dc   0x000051dc   0x00000038   Code   RO           41    .text.vApplicationMallocFailedHook  hal_entry.o
    0x00005214   0x00005214   0x0000000e   Code   RO          603    .text.vClearInterruptMask  portasm.o
    0x00005222   0x00005222   0x00000002   PAD
    0x00005224   0x00005224   0x00000104   Code   RO          634    .text.vDebug_Task   debug_task.o
    0x00005328   0x00005328   0x0000008c   Code   RO          616    .text.vKey_Task     key_task.o
    0x000053b4   0x000053b4   0x00000016   Code   RO          331    .text.vListInitialise  list.o
    0x000053ca   0x000053ca   0x00000006   Code   RO          333    .text.vListInitialiseItem  list.o
    0x000053d0   0x000053d0   0x0000003a   Code   RO          337    .text.vListInsert   list.o
    0x0000540a   0x0000540a   0x0000001e   Code   RO          564    .text.vPortEnterCritical  port.o
    0x00005428   0x00005428   0x0000001c   Code   RO          566    .text.vPortExitCritical  port.o
    0x00005444   0x00005444   0x00000054   Code   RO          533    .text.vPortFree     heap_4.o
    0x00005498   0x00005498   0x00000010   Code   RO          570    .text.vPortSVCHandler_C  port.o
    0x000054a8   0x000054a8   0x00000034   Code   RO          560    .text.vPortSetupTimerInterrupt  port.o
    0x000054dc   0x000054dc   0x00000018   Code   RO          562    .text.vPortYield    port.o
    0x000054f4   0x000054f4   0x0000010c   Code   RO          672    .text.vPwm_Task     pwm_task.o
    0x00005600   0x00005600   0x00000034   Code   RO          591    .text.vRestoreContextOfFirstTask  portasm.o
    0x00005634   0x00005634   0x0000000c   PAD
    0x00005640   0x00005640   0x00000024   Code   RO          599    .text.vStartFirstTask  portasm.o
    0x00005664   0x00005664   0x00000026   Code   RO          445    .text.vTaskDelay    tasks.o
    0x0000568a   0x0000568a   0x0000001a   Code   RO          477    .text.vTaskInternalSetTimeOutState  tasks.o
    0x000056a4   0x000056a4   0x0000000e   Code   RO          481    .text.vTaskMissedYield  tasks.o
    0x000056b2   0x000056b2   0x0000001e   Code   RO          467    .text.vTaskPlaceOnEventList  tasks.o
    0x000056d0   0x000056d0   0x00000056   Code   RO          469    .text.vTaskPlaceOnUnorderedEventList  tasks.o
    0x00005726   0x00005726   0x000000ae   Code   RO          473    .text.vTaskRemoveFromUnorderedEventList  tasks.o
    0x000057d4   0x000057d4   0x0000006c   Code   RO          447    .text.vTaskStartScheduler  tasks.o
    0x00005840   0x00005840   0x00000010   Code   RO          439    .text.vTaskSuspendAll  tasks.o
    0x00005850   0x00005850   0x0000007a   Code   RO          465    .text.vTaskSwitchContext  tasks.o
    0x000058ca   0x000058ca   0x00000002   PAD
    0x000058cc   0x000058cc   0x00000124   Code   RO          690    .text.vWdt_Task     wdt_task.o
    0x000059f0   0x000059f0   0x0000001c   Code   RO          305    .text.xEventGroupCreate  event_groups.o
    0x00005a0c   0x00005a0c   0x00000062   Code   RO          309    .text.xEventGroupSetBits  event_groups.o
    0x00005a6e   0x00005a6e   0x000000aa   Code   RO          311    .text.xEventGroupWaitBits  event_groups.o
    0x00005b18   0x00005b18   0x0000000c   Code   RO          535    .text.xPortGetFreeHeapSize  heap_4.o
    0x00005b24   0x00005b24   0x00000048   Code   RO          576    .text.xPortStartScheduler  port.o
    0x00005b6c   0x00005b6c   0x0000003e   Code   RO          351    .text.xQueueGenericCreate  queue.o
    0x00005baa   0x00005baa   0x00000070   Code   RO          349    .text.xQueueGenericReset  queue.o
    0x00005c1a   0x00005c1a   0x00000002   PAD
    0x00005c1c   0x00005c1c   0x000000f6   Code   RO          353    .text.xQueueGenericSend  queue.o
    0x00005d12   0x00005d12   0x00000002   PAD
    0x00005d14   0x00005d14   0x00000102   Code   RO          363    .text.xQueueReceive  queue.o
    0x00005e16   0x00005e16   0x00000002   PAD
    0x00005e18   0x00005e18   0x000000e6   Code   RO          365    .text.xQueueSemaphoreTake  queue.o
    0x00005efe   0x00005efe   0x00000058   Code   RO          479    .text.xTaskCheckForTimeOut  tasks.o
    0x00005f56   0x00005f56   0x00000002   PAD
    0x00005f58   0x00005f58   0x000001ac   Code   RO          435    .text.xTaskCreate   tasks.o
    0x00006104   0x00006104   0x00000054   Code   RO          437    .text.xTaskDelayUntil  tasks.o
    0x00006158   0x00006158   0x0000011e   Code   RO          493    .text.xTaskGenericNotifyFromISR  tasks.o
    0x00006276   0x00006276   0x0000008c   Code   RO          489    .text.xTaskGenericNotifyWait  tasks.o
    0x00006302   0x00006302   0x0000000c   Code   RO          455    .text.xTaskGetTickCount  tasks.o
    0x0000630e   0x0000630e   0x00000002   PAD
    0x00006310   0x00006310   0x00000184   Code   RO          453    .text.xTaskIncrementTick  tasks.o
    0x00006494   0x00006494   0x000000de   Code   RO          471    .text.xTaskRemoveFromEventList  tasks.o
    0x00006572   0x00006572   0x00000002   PAD
    0x00006574   0x00006574   0x00000150   Code   RO          443    .text.xTaskResumeAll  tasks.o
    0x000066c4   0x000066c4   0x00000020   Code   RO         1870    i.__0printf         mc_w.l(printfa.o)
    0x000066e4   0x000066e4   0x00000184   Code   RO         1877    i._fp_digits        mc_w.l(printfa.o)
    0x00006868   0x00006868   0x000006dc   Code   RO         1878    i._printf_core      mc_w.l(printfa.o)
    0x00006f44   0x00006f44   0x00000024   Code   RO         1879    i._printf_post_padding  mc_w.l(printfa.o)
    0x00006f68   0x00006f68   0x0000002e   Code   RO         1880    i._printf_pre_padding  mc_w.l(printfa.o)
    0x00006f96   0x00006f96   0x00000002   PAD
    0x00006f98   0x00006f98   0x0000000c   Code   RO         1619    i.putchar           mc_w.l(putchar.o)
    0x00006fa4   0x00006fa4   0x00000024   Code   RO         1617    i.puts              mc_w.l(puts.o)
    0x00006fc8   0x00006fc8   0x00000004   Data   RO         1007    .option_setting_bps_sec3  bsp_rom_registers.o
    0x00006fcc   0x00006fcc   0x00000004   Data   RO         1017    .option_setting_bps_sel3  bsp_rom_registers.o
    0x00006fd0   0x00006fd0   0x00000004   Data   RO         1011    .option_setting_pbps_sec3  bsp_rom_registers.o
    0x00006fd4   0x00006fd4   0x0000000c   Data   RO         1579    .rodata.EEPROM      hal_data.o
    0x00006fe0   0x00006fe0   0x00000038   Data   RO         1577    .rodata.EEPROM_cfg  hal_data.o
    0x00007018   0x00007018   0x0000000c   Data   RO         1576    .rodata.EEPROM_extend  hal_data.o
    0x00007024   0x00007024   0x0000000c   Data   RO         1575    .rodata.Flash       hal_data.o
    0x00007030   0x00007030   0x0000002c   Data   RO         1573    .rodata.Flash_cfg   hal_data.o
    0x0000705c   0x0000705c   0x00000020   Data   RO         1571    .rodata.Flash_erase_command_list  hal_data.o
    0x0000707c   0x0000707c   0x00000008   Data   RO         1572    .rodata.Flash_extended_cfg  hal_data.o
    0x00007084   0x00007084   0x00000008   Data   RO          990    .rodata.cst8        bsp_register_protection.o
    0x0000708c   0x0000708c   0x00000044   Data   RO         1582    .rodata.debug_uart4_cfg  hal_data.o
    0x000070d0   0x000070d0   0x00000028   Data   RO         1581    .rodata.debug_uart4_cfg_extend  hal_data.o
    0x000070f8   0x000070f8   0x0000002c   Data   RO         1559    .rodata.g_adc0_cfg  hal_data.o
    0x00007124   0x00007124   0x00000024   Data   RO         1558    .rodata.g_adc0_cfg_extend  hal_data.o
    0x00007148   0x00007148   0x00000018   Data   RO         1560    .rodata.g_adc0_channel_cfg  hal_data.o
    0x00007160   0x00007160   0x00000008   Data   RO         1603    .rodata.g_bsp_pin_cfg  pin_data.o
    0x00007168   0x00007168   0x00000148   Data   RO         1602    .rodata.g_bsp_pin_cfg_data  pin_data.o
    0x000072b0   0x000072b0   0x00000028   Data   RO         1116    .rodata.g_ctsu_on_ctsu  r_ctsu.o
    0x000072d8   0x000072d8   0x00000008   Data   RO         1127    .rodata.g_ctsu_tscap_pin_cfg  r_ctsu.o
    0x000072e0   0x000072e0   0x00000020   Data   RO         1274    .rodata.g_i2c_master_on_iic  r_iic_master.o
    0x00007300   0x00007300   0x00000180   Data   RO         1610    .rodata.g_interrupt_event_link_select  vector_data.o
    0x00007480   0x00007480   0x0000000c   Data   RO         1528    .rodata.g_ioport    common_data.o
    0x0000748c   0x0000748c   0x00000034   Data   RO         1313    .rodata.g_ioport_on_ioport  r_ioport.o
    0x000074c0   0x000074c0   0x00000024   Data   RO         1539    .rodata.g_iwdt0_cfg  hal_data.o
    0x000074e4   0x000074e4   0x0000005c   Data   RO          845    .rodata.g_qe_ctsu_cfg_config01  qe_touch_config.o
    0x00007540   0x00007540   0x00000008   Data   RO          844    .rodata.g_qe_ctsu_element_cfg_config01  qe_touch_config.o
    0x00007548   0x00007548   0x0000000c   Data   RO          847    .rodata.g_qe_ctsu_instance_config01  qe_touch_config.o
    0x00007554   0x00007554   0x00000006   Data   RO          848    .rodata.g_qe_touch_button_cfg_config01  qe_touch_config.o
    0x0000755a   0x0000755a   0x00000002   PAD
    0x0000755c   0x0000755c   0x0000002c   Data   RO          849    .rodata.g_qe_touch_cfg_config01  qe_touch_config.o
    0x00007588   0x00007588   0x0000000c   Data   RO          851    .rodata.g_qe_touch_instance_config01  qe_touch_config.o
    0x00007594   0x00007594   0x00000034   Data   RO         1374    .rodata.g_qspi_on_spi_flash  r_qspi.o
    0x000075c8   0x000075c8   0x00000024   Data   RO         1551    .rodata.g_timer_gpt0_cfg  hal_data.o
    0x000075ec   0x000075ec   0x00000048   Data   RO         1550    .rodata.g_timer_gpt0_extend  hal_data.o
    0x00007634   0x00007634   0x00000024   Data   RO         1547    .rodata.g_timer_gpt6_cfg  hal_data.o
    0x00007658   0x00007658   0x00000048   Data   RO         1546    .rodata.g_timer_gpt6_extend  hal_data.o
    0x000076a0   0x000076a0   0x00000024   Data   RO         1543    .rodata.g_timer_gpt7_cfg  hal_data.o
    0x000076c4   0x000076c4   0x00000048   Data   RO         1542    .rodata.g_timer_gpt7_extend  hal_data.o
    0x0000770c   0x0000770c   0x00000028   Data   RO         1507    .rodata.g_touch_on_ctsu  rm_touch.o
    0x00007734   0x00007734   0x000000ba   Data   RO           49    .rodata.str1.1      hal_entry.o
    0x000077ee   0x000077ee   0x00000008   Data   RO          146    .rodata.str1.1      i2c_ee.o
    0x000077f6   0x000077f6   0x00000043   Data   RO          636    .rodata.str1.1      debug_task.o
    0x00007839   0x00007839   0x00000031   Data   RO          692    .rodata.str1.1      wdt_task.o
    0x0000786a   0x0000786a   0x00000002   PAD
    0x0000786c   0x0000786c   0x00000004   Data   RO          502    .rodata.uxTopUsedPriority  tasks.o
    0x00007870   0x00007870   0x00000004   Data   RO          931    .version            bsp_common.o
    0x00007874   0x00007874   0x00000006   Data   RO          932    .version            bsp_common.o
    0x0000787a   0x0000787a   0x00000044   Data   RO          933    .version            bsp_common.o


    Execution Region __tz_RAM_S (Exec base: 0x20000000, Load base: 0x000078c0, Size: 0x00000000, Max: 0x00000000, ABSOLUTE)

    Exec Addr    Load Addr    Size         Type   Attr      Idx    E Section Name        Object

    0x20000000        -       0x00000000   Zero   RW            2    __tz_RAM_S.bss      anon$$obj.o


    Execution Region DTC_VECTOR_TABLE (Exec base: 0x20000000, Load base: 0x000078c0, Size: 0x00000000, Max: 0x00080000, ABSOLUTE, UNINIT)

    **** No section assigned to this execution region ****


    Execution Region DATA (Exec base: 0x20000000, Load base: 0x000078c0, Size: 0x00000028, Max: 0xffffffff, ABSOLUTE)

    Exec Addr    Load Addr    Size         Type   Attr      Idx    E Section Name        Object

    0x20000000   0x000078c0   0x00000004   Data   RW         1904    .data               mc_w.l(stdout.o)
    0x20000004   0x000078c4   0x00000010   Data   RW           45    .data.Tx_Buffer     hal_entry.o
    0x20000014   0x000078d4   0x00000004   Data   RW         1580    .data.debug_uart4_baud_setting  hal_data.o
    0x20000018   0x000078d8   0x00000008   Data   RW         1125    .data.g_ctsu_tscap_pin_cfg_data  r_ctsu.o
    0x20000020   0x000078e0   0x00000004   Data   RW          143    .data.timeout_ms    i2c_ee.o
    0x20000024   0x000078e4   0x00000004   Data   RW          582    .data.ulCriticalNesting  port.o


    Execution Region BSS (Exec base: 0x20000028, Load base: 0x000078e8, Size: 0x000046fc, Max: 0xffffffff, ABSOLUTE)

    Exec Addr    Load Addr    Size         Type   Attr      Idx    E Section Name        Object

    0x20000028        -       0x00000130   Zero   RW          116    .bss.Circular_queue  bsp_uart4.o
    0x20000158        -       0x00000040   Zero   RW         1578    .bss.EEPROM_ctrl    hal_data.o
    0x20000198        -       0x00000004   Zero   RW           46    .bss.FlashDeviceID  hal_entry.o
    0x2000019c        -       0x00000004   Zero   RW           47    .bss.FlashID        hal_entry.o
    0x200001a0        -       0x00000010   Zero   RW         1574    .bss.Flash_ctrl     hal_data.o
    0x200001b0        -       0x00000010   Zero   RW           50    .bss.Rx_Buffer      hal_entry.o
    0x200001c0        -       0x00000004   Zero   RW          887    .bss.SystemCoreClock  system.o
    0x200001c4   0x000078e8   0x00000004   PAD
    0x200001c8        -       0x00000008   Zero   RW          861    .bss.button_status  qe_touch_sample.o
    0x200001d0        -       0x00000030   Zero   RW         1583    .bss.debug_uart4_ctrl  hal_data.o
    0x20000200        -       0x00000024   Zero   RW         1561    .bss.g_adc0_ctrl    hal_data.o
    0x20000224        -       0x00000040   Zero   RW          958    .bss.g_bsp_group_irq_sources  bsp_group_irq.o
    0x20000264        -       0x00000020   Zero   RW         1128    .bss.g_ctsu_correction_info  r_ctsu.o
    0x20000284        -       0x00000006   Zero   RW         1124    .bss.g_ctsu_ctsuwr  r_ctsu.o
    0x2000028a        -       0x00000001   Zero   RW         1121    .bss.g_ctsu_element_complete_flag  r_ctsu.o
    0x2000028b   0x000078e8   0x00000001   PAD
    0x2000028c        -       0x00000002   Zero   RW         1122    .bss.g_ctsu_element_index  r_ctsu.o
    0x2000028e        -       0x00000002   Zero   RW         1119    .bss.g_ctsu_self_corr  r_ctsu.o
    0x20000290        -       0x00000004   Zero   RW         1120    .bss.g_ctsu_self_data  r_ctsu.o
    0x20000294        -       0x00000002   Zero   RW         1117    .bss.g_ctsu_self_element_index  r_ctsu.o
    0x20000296        -       0x00000004   Zero   RW         1118    .bss.g_ctsu_self_raw  r_ctsu.o
    0x2000029a   0x000078e8   0x00000002   PAD
    0x2000029c        -       0x00000008   Zero   RW         1126    .bss.g_ctsu_tscap_ioport_ctrl  r_ctsu.o
    0x200002a4        -       0x00000004   Zero   RW         1123    .bss.g_ctsu_tuning_diff  r_ctsu.o
    0x200002a8        -       0x00000004   Zero   RW          144    .bss.g_i2c_callback_event  i2c_ee.o
    0x200002ac        -       0x00000008   Zero   RW         1527    .bss.g_ioport_ctrl  common_data.o
    0x200002b4        -       0x00000014   Zero   RW         1540    .bss.g_iwdt0_ctrl   hal_data.o
    0x200002c8        -       0x00000008   Zero   RW          989    .bss.g_protect_counters  bsp_register_protection.o
    0x200002d0        -       0x00000004   Zero   RW          968    .bss.g_protect_pfswe_counter  bsp_io.o
    0x200002d4        -       0x00000098   Zero   RW          846    .bss.g_qe_ctsu_ctrl_config01  qe_touch_config.o
    0x2000036c        -       0x00000004   Zero   RW          843    .bss.g_qe_ctsu_event  qe_touch_config.o
    0x20000370        -       0x00000080   Zero   RW          850    .bss.g_qe_touch_ctrl_config01  qe_touch_config.o
    0x200003f0        -       0x00000001   Zero   RW          842    .bss.g_qe_touch_flag  qe_touch_config.o
    0x200003f1   0x000078e8   0x00000003   PAD
    0x200003f4        -       0x00000020   Zero   RW         1552    .bss.g_timer_gpt0_ctrl  hal_data.o
    0x20000414        -       0x00000020   Zero   RW         1548    .bss.g_timer_gpt6_ctrl  hal_data.o
    0x20000434        -       0x00000020   Zero   RW         1544    .bss.g_timer_gpt7_ctrl  hal_data.o
    0x20000454        -       0x00000004   Zero   RW         1512    .bss.g_touch_button_drift_buf  rm_touch.o
    0x20000458        -       0x00000002   Zero   RW         1513    .bss.g_touch_button_drift_count  rm_touch.o
    0x2000045a        -       0x00000002   Zero   RW         1515    .bss.g_touch_button_hysteresis  rm_touch.o
    0x2000045c        -       0x00000001   Zero   RW         1508    .bss.g_touch_button_index  rm_touch.o
    0x2000045d   0x000078e8   0x00000001   PAD
    0x2000045e        -       0x00000002   Zero   RW         1511    .bss.g_touch_button_off_count  rm_touch.o
    0x20000460        -       0x00000002   Zero   RW         1510    .bss.g_touch_button_on_count  rm_touch.o
    0x20000462        -       0x00000002   Zero   RW         1509    .bss.g_touch_button_reference  rm_touch.o
    0x20000464        -       0x00000002   Zero   RW         1514    .bss.g_touch_button_threshold  rm_touch.o
    0x20000466   0x000078e8   0x00000002   PAD
    0x20000468        -       0x00000004   Zero   RW         1339    .bss.gp_iwdt_ctrl   r_iwdt.o
    0x2000046c        -       0x00000180   Zero   RW          977    .bss.gp_renesas_isr_context  bsp_irq.o
    0x200005ec        -       0x00000004   Zero   RW         1516    .bss.gp_touch_isr_context  rm_touch.o
    0x200005f0        -       0x00000004   Zero   RW          259    .bss.gpt7_input_capture_callback.a_time  bsp_gpt_input_capture.o
    0x200005f4        -       0x00000001   Zero   RW          261    .bss.gpt7_input_capture_callback.one_period_flag  bsp_gpt_input_capture.o
    0x200005f5   0x000078e8   0x00000003   PAD
    0x200005f8        -       0x00000004   Zero   RW          260    .bss.gpt7_input_capture_callback.overflow_times  bsp_gpt_input_capture.o
    0x200005fc        -       0x0000000c   Zero   RW          257    .bss.info           bsp_gpt_input_capture.o
    0x20000608        -       0x00000004   Zero   RW          258    .bss.period         bsp_gpt_input_capture.o
    0x2000060c        -       0x00000004   Zero   RW          265    .bss.pwm_duty       bsp_gpt_input_capture.o
    0x20000610        -       0x00000004   Zero   RW          264    .bss.pwm_freq       bsp_gpt_input_capture.o
    0x20000614        -       0x00000004   Zero   RW          263    .bss.pwm_high_level_time  bsp_gpt_input_capture.o
    0x20000618        -       0x00000004   Zero   RW          262    .bss.pwm_period     bsp_gpt_input_capture.o
    0x2000061c        -       0x00000004   Zero   RW          501    .bss.pxCurrentTCB   tasks.o
    0x20000620        -       0x00000004   Zero   RW          514    .bss.pxDelayedTaskList  tasks.o
    0x20000624        -       0x00000004   Zero   RW          545    .bss.pxEnd          heap_4.o
    0x20000628        -       0x00000004   Zero   RW          515    .bss.pxOverflowDelayedTaskList  tasks.o
    0x2000062c        -       0x00000064   Zero   RW          511    .bss.pxReadyTasksLists  tasks.o
    0x20000690        -       0x00000001   Zero   RW          217    .bss.scan_complete_flag  bsp_adc.o
    0x20000691        -       0x00000001   Zero   RW          115    .bss.uart_send_complete_flag  bsp_uart4.o
    0x20000692        -       0x00004000   Zero   RW          551    .bss.ucHeap         heap_4.o
    0x20004692   0x000078e8   0x00000002   PAD
    0x20004694        -       0x00000004   Zero   RW          508    .bss.uxCurrentNumberOfTasks  tasks.o
    0x20004698        -       0x00000004   Zero   RW          507    .bss.uxSchedulerSuspended  tasks.o
    0x2000469c        -       0x00000004   Zero   RW          517    .bss.uxTaskNumber   tasks.o
    0x200046a0        -       0x00000004   Zero   RW          510    .bss.uxTopReadyPriority  tasks.o
    0x200046a4        -       0x00000014   Zero   RW          518    .bss.xDelayedTaskList1  tasks.o
    0x200046b8        -       0x00000014   Zero   RW          519    .bss.xDelayedTaskList2  tasks.o
    0x200046cc        -       0x00000004   Zero   RW           52    .bss.xEventGroup    hal_entry.o
    0x200046d0        -       0x00000004   Zero   RW          546    .bss.xFreeBytesRemaining  heap_4.o
    0x200046d4        -       0x00000004   Zero   RW           48    .bss.xHandleTaskTouch  hal_entry.o
    0x200046d8        -       0x00000004   Zero   RW          504    .bss.xIdleTaskHandle  tasks.o
    0x200046dc        -       0x00000004   Zero   RW          548    .bss.xMinimumEverFreeBytesRemaining  heap_4.o
    0x200046e0        -       0x00000004   Zero   RW          505    .bss.xNextTaskUnblockTime  tasks.o
    0x200046e4        -       0x00000004   Zero   RW          516    .bss.xNumOfOverflows  tasks.o
    0x200046e8        -       0x00000004   Zero   RW          549    .bss.xNumberOfSuccessfulAllocations  heap_4.o
    0x200046ec        -       0x00000004   Zero   RW          550    .bss.xNumberOfSuccessfulFrees  heap_4.o
    0x200046f0        -       0x00000004   Zero   RW          513    .bss.xPendedTicks   tasks.o
    0x200046f4        -       0x00000014   Zero   RW          509    .bss.xPendingReadyList  tasks.o
    0x20004708        -       0x00000004   Zero   RW          664    .bss.xQueue         adc_task.o
    0x2000470c        -       0x00000004   Zero   RW          506    .bss.xSchedulerRunning  tasks.o
    0x20004710        -       0x00000004   Zero   RW           51    .bss.xSemaphore     hal_entry.o
    0x20004714        -       0x00000008   Zero   RW          547    .bss.xStart         heap_4.o
    0x2000471c        -       0x00000004   Zero   RW          503    .bss.xTickCount     tasks.o
    0x20004720        -       0x00000004   Zero   RW          512    .bss.xYieldPending  tasks.o


    Execution Region NOINIT (Exec base: 0x20004724, Load base: 0x000078e8, Size: 0x0000001c, Max: 0xffffffff, ABSOLUTE, UNINIT)

    Exec Addr    Load Addr    Size         Type   Attr      Idx    E Section Name        Object

    0x20004724        -       0x0000001c   Zero   RW          916    .bss.noinit         bsp_clocks.o


    Execution Region ARM_LIB_HEAP (Exec base: 0x20004740, Load base: 0x000078e8, Size: 0x00002000, Max: 0xffffffff, ABSOLUTE, UNINIT)

    Exec Addr    Load Addr    Size         Type   Attr      Idx    E Section Name        Object

    0x20004740        -       0x00002000   Zero   RW          875    .bss.heap           startup.o


    Execution Region ARM_LIB_STACK (Exec base: 0x20006740, Load base: 0x000078e8, Size: 0x00000000, Max: 0x00000000, ABSOLUTE, UNINIT)

    Exec Addr    Load Addr    Size         Type   Attr      Idx    E Section Name        Object

    0x20006740        -       0x00000000   Zero   RW            3    ARM_LIB_STACK.bss   anon$$obj.o


    Execution Region STACK (Exec base: 0x20006740, Load base: 0x000078e8, Size: 0x00001000, Max: 0xffffffff, ABSOLUTE, UNINIT)

    Exec Addr    Load Addr    Size         Type   Attr      Idx    E Section Name        Object

    0x20006740        -       0x00001000   Zero   RW          873    .bss.stack          startup.o


    Execution Region RAM_END (Exec base: 0x20007740, Load base: 0x000078e8, Size: 0x00000004, Max: 0x00000004, ABSOLUTE)

    Exec Addr    Load Addr    Size         Type   Attr      Idx    E Section Name        Object

    0x20007740        -       0x00000004   Zero   RW            4    RAM_END.bss         anon$$obj.o


    Execution Region __tz_RAM_C (Exec base: 0x20080000, Load base: 0x000078e8, Size: 0x00000000, Max: 0x00000000, ABSOLUTE)

    Exec Addr    Load Addr    Size         Type   Attr      Idx    E Section Name        Object

    0x20080000        -       0x00000000   Zero   RW            5    __tz_RAM_C.bss      anon$$obj.o


    Execution Region __tz_RAM_N (Exec base: 0x20080000, Load base: 0x000078e8, Size: 0x00000000, Max: 0x00000000, ABSOLUTE)

    Exec Addr    Load Addr    Size         Type   Attr      Idx    E Section Name        Object

    0x20080000        -       0x00000000   Zero   RW            6    __tz_RAM_N.bss      anon$$obj.o


    Execution Region RAM_LIMIT (Exec base: 0x20080000, Load base: 0x000078e8, Size: 0x00000004, Max: 0x00000004, ABSOLUTE)

    Exec Addr    Load Addr    Size         Type   Attr      Idx    E Section Name        Object

    0x20080000        -       0x00000004   Zero   RW            7    RAM_LIMIT.bss       anon$$obj.o


    Execution Region OSPI_DEVICE_0_NO_LOAD (Exec base: 0x68000000, Load base: 0x000078e8, Size: 0x00000000, Max: 0xffffffff, ABSOLUTE, UNINIT)

    **** No section assigned to this execution region ****


    Execution Region OSPI_DEVICE_1_NO_LOAD (Exec base: 0x70000000, Load base: 0x000078e8, Size: 0x00000000, Max: 0xffffffff, ABSOLUTE, UNINIT)

    **** No section assigned to this execution region ****



  Load Region LOAD_REGION_NSC_FLASH (Base: 0x00008000, Size: 0x00000000, Max: 0xffffffff, ABSOLUTE)

    Execution Region __tz_FLASH_C (Exec base: 0x00008000, Load base: 0x00008000, Size: 0x00000000, Max: 0x00000000, ABSOLUTE)

    Exec Addr    Load Addr    Size         Type   Attr      Idx    E Section Name        Object

    0x00008000        -       0x00000000   Zero   RW            8    __tz_FLASH_C.bss    anon$$obj.o


    Execution Region EXEC_NSCR (Exec base: 0x00008000, Load base: 0x00008000, Size: 0x00000000, Max: 0xffffffff, ABSOLUTE, FIXED)

    **** No section assigned to this execution region ****


    Execution Region __tz_FLASH_N (Exec base: 0x00008000, Load base: 0x00008000, Size: 0x00000000, Max: 0x00000000, ABSOLUTE)

    Exec Addr    Load Addr    Size         Type   Attr      Idx    E Section Name        Object

    0x00008000        -       0x00000000   Zero   RW            9    __tz_FLASH_N.bss    anon$$obj.o



  Load Region LOAD_REGION_ID_CODE (Base: 0x00000000, Size: 0x00000000, Max: 0x00000004, ABSOLUTE)

    Execution Region __tz_ID_CODE_S (Exec base: 0x00000000, Load base: 0x00000000, Size: 0x00000000, Max: 0x00000000, ABSOLUTE)

    Exec Addr    Load Addr    Size         Type   Attr      Idx    E Section Name        Object

    0x00000000        -       0x00000000   Zero   RW           10    __tz_ID_CODE_S.bss  anon$$obj.o


    Execution Region __tz_ID_CODE_N (Exec base: 0x00000000, Load base: 0x00000000, Size: 0x00000000, Max: 0x00000000, ABSOLUTE)

    Exec Addr    Load Addr    Size         Type   Attr      Idx    E Section Name        Object

    0x00000000        -       0x00000000   Zero   RW           11    __tz_ID_CODE_N.bss  anon$$obj.o



  Load Region LOAD_REGION_OPTION_SETTING (Base: 0x0100a100, Size: 0x00000080, Max: 0x00000100, ABSOLUTE)

    Execution Region __tz_OPTION_SETTING_S (Exec base: 0x0100a100, Load base: 0x0100a100, Size: 0x00000000, Max: 0x00000000, ABSOLUTE)

    Exec Addr    Load Addr    Size         Type   Attr      Idx    E Section Name        Object

    0x0100a100        -       0x00000000   Zero   RW           12    __tz_OPTION_SETTING_S.bss  anon$$obj.o


    Execution Region OFS0 (Exec base: 0x0100a100, Load base: 0x0100a100, Size: 0x00000004, Max: 0xffffffff, ABSOLUTE, FIXED)

    Exec Addr    Load Addr    Size         Type   Attr      Idx    E Section Name        Object

    0x0100a100   0x0100a100   0x00000004   Data   RO          999    .option_setting_ofs0  bsp_rom_registers.o


    Execution Region UNUSED_0 (Exec base: 0x0100a104, Load base: 0x0100a104, Size: 0x0000000c, Max: 0x0000000c, ABSOLUTE, FIXED)

    Exec Addr    Load Addr    Size         Type   Attr      Idx    E Section Name        Object

    0x0100a104        -       0x0000000c   Zero   RW           13    UNUSED_0.bss        anon$$obj.o


    Execution Region DUALSEL (Exec base: 0x0100a110, Load base: 0x0100a110, Size: 0x00000004, Max: 0xffffffff, ABSOLUTE, FIXED)

    Exec Addr    Load Addr    Size         Type   Attr      Idx    E Section Name        Object

    0x0100a110   0x0100a110   0x00000004   Data   RO         1000    .option_setting_dualsel  bsp_rom_registers.o


    Execution Region UNUSED_1 (Exec base: 0x0100a114, Load base: 0x0100a114, Size: 0x00000020, Max: 0x00000020, ABSOLUTE, FIXED)

    Exec Addr    Load Addr    Size         Type   Attr      Idx    E Section Name        Object

    0x0100a114        -       0x00000020   Zero   RW           14    UNUSED_1.bss        anon$$obj.o


    Execution Region SAS (Exec base: 0x0100a134, Load base: 0x0100a134, Size: 0x00000004, Max: 0xffffffff, ABSOLUTE, FIXED)

    Exec Addr    Load Addr    Size         Type   Attr      Idx    E Section Name        Object

    0x0100a134   0x0100a134   0x00000004   Data   RO         1001    .option_setting_sas  bsp_rom_registers.o


    Execution Region UNUSED_2 (Exec base: 0x0100a138, Load base: 0x0100a138, Size: 0x00000048, Max: 0x00000048, ABSOLUTE, FIXED)

    Exec Addr    Load Addr    Size         Type   Attr      Idx    E Section Name        Object

    0x0100a138        -       0x00000048   Zero   RW           15    UNUSED_2.bss        anon$$obj.o


    Execution Region __tz_OPTION_SETTING_N (Exec base: 0x0100a180, Load base: 0x0100a180, Size: 0x00000000, Max: 0x00000000, ABSOLUTE)

    Exec Addr    Load Addr    Size         Type   Attr      Idx    E Section Name        Object

    0x0100a180        -       0x00000000   Zero   RW           16    __tz_OPTION_SETTING_N.bss  anon$$obj.o



  Load Region LOAD_REGION_OPTION_SETTING_S (Base: 0x0100a200, Size: 0x00000100, Max: 0x00000100, ABSOLUTE)

    Execution Region __tz_OPTION_SETTING_S_S (Exec base: 0x0100a200, Load base: 0x0100a200, Size: 0x00000000, Max: 0x00000000, ABSOLUTE)

    Exec Addr    Load Addr    Size         Type   Attr      Idx    E Section Name        Object

    0x0100a200        -       0x00000000   Zero   RW           17    __tz_OPTION_SETTING_S_S.bss  anon$$obj.o


    Execution Region OFS1_SEC (Exec base: 0x0100a200, Load base: 0x0100a200, Size: 0x00000004, Max: 0xffffffff, ABSOLUTE, FIXED)

    Exec Addr    Load Addr    Size         Type   Attr      Idx    E Section Name        Object

    0x0100a200   0x0100a200   0x00000004   Data   RO         1002    .option_setting_ofs1_sec  bsp_rom_registers.o


    Execution Region UNUSED_7 (Exec base: 0x0100a204, Load base: 0x0100a204, Size: 0x0000000c, Max: 0x0000000c, ABSOLUTE, FIXED)

    Exec Addr    Load Addr    Size         Type   Attr      Idx    E Section Name        Object

    0x0100a204        -       0x0000000c   Zero   RW           18    UNUSED_7.bss        anon$$obj.o


    Execution Region BANKSEL_SEC (Exec base: 0x0100a210, Load base: 0x0100a210, Size: 0x00000004, Max: 0xffffffff, ABSOLUTE, FIXED)

    Exec Addr    Load Addr    Size         Type   Attr      Idx    E Section Name        Object

    0x0100a210   0x0100a210   0x00000004   Data   RO         1003    .option_setting_banksel_sec  bsp_rom_registers.o


    Execution Region UNUSED_8 (Exec base: 0x0100a214, Load base: 0x0100a214, Size: 0x0000002c, Max: 0x0000002c, ABSOLUTE, FIXED)

    Exec Addr    Load Addr    Size         Type   Attr      Idx    E Section Name        Object

    0x0100a214        -       0x0000002c   Zero   RW           19    UNUSED_8.bss        anon$$obj.o


    Execution Region BPS_SEC (Exec base: 0x0100a240, Load base: 0x0100a240, Size: 0x0000000c, Max: 0xffffffff, ABSOLUTE, FIXED)

    Exec Addr    Load Addr    Size         Type   Attr      Idx    E Section Name        Object

    0x0100a240   0x0100a240   0x00000004   Data   RO         1004    .option_setting_bps_sec0  bsp_rom_registers.o
    0x0100a244   0x0100a244   0x00000004   Data   RO         1005    .option_setting_bps_sec1  bsp_rom_registers.o
    0x0100a248   0x0100a248   0x00000004   Data   RO         1006    .option_setting_bps_sec2  bsp_rom_registers.o


    Execution Region UNUSED_9 (Exec base: 0x0100a24c, Load base: 0x0100a24c, Size: 0x00000014, Max: 0x00000014, ABSOLUTE, FIXED)

    Exec Addr    Load Addr    Size         Type   Attr      Idx    E Section Name        Object

    0x0100a24c        -       0x00000014   Zero   RW           20    UNUSED_9.bss        anon$$obj.o


    Execution Region PBPS_SEC (Exec base: 0x0100a260, Load base: 0x0100a260, Size: 0x0000000c, Max: 0xffffffff, ABSOLUTE, FIXED)

    Exec Addr    Load Addr    Size         Type   Attr      Idx    E Section Name        Object

    0x0100a260   0x0100a260   0x00000004   Data   RO         1008    .option_setting_pbps_sec0  bsp_rom_registers.o
    0x0100a264   0x0100a264   0x00000004   Data   RO         1009    .option_setting_pbps_sec1  bsp_rom_registers.o
    0x0100a268   0x0100a268   0x00000004   Data   RO         1010    .option_setting_pbps_sec2  bsp_rom_registers.o


    Execution Region UNUSED_10 (Exec base: 0x0100a26c, Load base: 0x0100a26c, Size: 0x00000014, Max: 0x00000014, ABSOLUTE, FIXED)

    Exec Addr    Load Addr    Size         Type   Attr      Idx    E Section Name        Object

    0x0100a26c        -       0x00000014   Zero   RW           21    UNUSED_10.bss       anon$$obj.o


    Execution Region OFS1_SEL (Exec base: 0x0100a280, Load base: 0x0100a280, Size: 0x00000004, Max: 0xffffffff, ABSOLUTE, FIXED)

    Exec Addr    Load Addr    Size         Type   Attr      Idx    E Section Name        Object

    0x0100a280   0x0100a280   0x00000004   Data   RO         1012    .option_setting_ofs1_sel  bsp_rom_registers.o


    Execution Region UNUSED_11 (Exec base: 0x0100a284, Load base: 0x0100a284, Size: 0x0000000c, Max: 0x0000000c, ABSOLUTE, FIXED)

    Exec Addr    Load Addr    Size         Type   Attr      Idx    E Section Name        Object

    0x0100a284        -       0x0000000c   Zero   RW           22    UNUSED_11.bss       anon$$obj.o


    Execution Region BANKSEL_SEL (Exec base: 0x0100a290, Load base: 0x0100a290, Size: 0x00000004, Max: 0xffffffff, ABSOLUTE, FIXED)

    Exec Addr    Load Addr    Size         Type   Attr      Idx    E Section Name        Object

    0x0100a290   0x0100a290   0x00000004   Data   RO         1013    .option_setting_banksel_sel  bsp_rom_registers.o


    Execution Region UNUSED_12 (Exec base: 0x0100a294, Load base: 0x0100a294, Size: 0x0000002c, Max: 0x0000002c, ABSOLUTE, FIXED)

    Exec Addr    Load Addr    Size         Type   Attr      Idx    E Section Name        Object

    0x0100a294        -       0x0000002c   Zero   RW           23    UNUSED_12.bss       anon$$obj.o


    Execution Region BPS_SEL (Exec base: 0x0100a2c0, Load base: 0x0100a2c0, Size: 0x0000000c, Max: 0xffffffff, ABSOLUTE, FIXED)

    Exec Addr    Load Addr    Size         Type   Attr      Idx    E Section Name        Object

    0x0100a2c0   0x0100a2c0   0x00000004   Data   RO         1014    .option_setting_bps_sel0  bsp_rom_registers.o
    0x0100a2c4   0x0100a2c4   0x00000004   Data   RO         1015    .option_setting_bps_sel1  bsp_rom_registers.o
    0x0100a2c8   0x0100a2c8   0x00000004   Data   RO         1016    .option_setting_bps_sel2  bsp_rom_registers.o


    Execution Region UNUSED_13 (Exec base: 0x0100a2cc, Load base: 0x0100a2cc, Size: 0x00000034, Max: 0x00000034, ABSOLUTE, FIXED)

    Exec Addr    Load Addr    Size         Type   Attr      Idx    E Section Name        Object

    0x0100a2cc        -       0x00000034   Zero   RW           24    UNUSED_13.bss       anon$$obj.o


    Execution Region __tz_OPTION_SETTING_S_N (Exec base: 0x0100a300, Load base: 0x0100a300, Size: 0x00000000, Max: 0x00000000, ABSOLUTE)

    Exec Addr    Load Addr    Size         Type   Attr      Idx    E Section Name        Object

    0x0100a300        -       0x00000000   Zero   RW           25    __tz_OPTION_SETTING_S_N.bss  anon$$obj.o



  Load Region LOAD_REGION_DATA_FLASH (Base: 0x08000000, Size: 0x00000000, Max: 0x00002000, ABSOLUTE)

    Execution Region __tz_DATA_FLASH_S (Exec base: 0x08000000, Load base: 0x08000000, Size: 0x00000000, Max: 0x00000000, ABSOLUTE)

    Exec Addr    Load Addr    Size         Type   Attr      Idx    E Section Name        Object

    0x08000000        -       0x00000000   Zero   RW           26    __tz_DATA_FLASH_S.bss  anon$$obj.o


    Execution Region DATA_FLASH (Exec base: 0x08000000, Load base: 0x08000000, Size: 0x00000000, Max: 0xffffffff, ABSOLUTE, FIXED)

    **** No section assigned to this execution region ****


    Execution Region __tz_DATA_FLASH_N (Exec base: 0x08000000, Load base: 0x08000000, Size: 0x00000000, Max: 0x00000000, ABSOLUTE)

    Exec Addr    Load Addr    Size         Type   Attr      Idx    E Section Name        Object

    0x08000000        -       0x00000000   Zero   RW           27    __tz_DATA_FLASH_N.bss  anon$$obj.o



  Load Region LOAD_REGION_QSPI_FLASH (Base: 0x60000000, Size: 0x00000000, Max: 0x04000000, ABSOLUTE)

    Execution Region __tz_QSPI_FLASH_S (Exec base: 0x60000000, Load base: 0x60000000, Size: 0x00000000, Max: 0x00000000, ABSOLUTE)

    Exec Addr    Load Addr    Size         Type   Attr      Idx    E Section Name        Object

    0x60000000        -       0x00000000   Zero   RW           28    __tz_QSPI_FLASH_S.bss  anon$$obj.o


    Execution Region QSPI_FLASH (Exec base: 0x60000000, Load base: 0x60000000, Size: 0x00000000, Max: 0xffffffff, ABSOLUTE, FIXED)

    **** No section assigned to this execution region ****


    Execution Region __tz_QSPI_FLASH_N (Exec base: 0x60000000, Load base: 0x60000000, Size: 0x00000000, Max: 0x00000000, ABSOLUTE)

    Exec Addr    Load Addr    Size         Type   Attr      Idx    E Section Name        Object

    0x60000000        -       0x00000000   Zero   RW           29    __tz_QSPI_FLASH_N.bss  anon$$obj.o



  Load Region LOAD_REGION_OSPI_DEVICE_0 (Base: 0x68000000, Size: 0x00000000, Max: 0x08000000, ABSOLUTE)

    Execution Region __tz_OSPI_DEVICE_0_S (Exec base: 0x68000000, Load base: 0x68000000, Size: 0x00000000, Max: 0x00000000, ABSOLUTE)

    Exec Addr    Load Addr    Size         Type   Attr      Idx    E Section Name        Object

    0x68000000        -       0x00000000   Zero   RW           30    __tz_OSPI_DEVICE_0_S.bss  anon$$obj.o


    Execution Region OSPI_DEVICE_0 (Exec base: 0x68000000, Load base: 0x68000000, Size: 0x00000000, Max: 0xffffffff, ABSOLUTE, FIXED)

    **** No section assigned to this execution region ****


    Execution Region __tz_OSPI_DEVICE_0_N (Exec base: 0x68000000, Load base: 0x68000000, Size: 0x00000000, Max: 0x00000000, ABSOLUTE)

    Exec Addr    Load Addr    Size         Type   Attr      Idx    E Section Name        Object

    0x68000000        -       0x00000000   Zero   RW           31    __tz_OSPI_DEVICE_0_N.bss  anon$$obj.o



  Load Region LOAD_REGION_OSPI_DEVICE_1 (Base: 0x70000000, Size: 0x00000000, Max: 0x10000000, ABSOLUTE)

    Execution Region __tz_OSPI_DEVICE_1_S (Exec base: 0x70000000, Load base: 0x70000000, Size: 0x00000000, Max: 0x00000000, ABSOLUTE)

    Exec Addr    Load Addr    Size         Type   Attr      Idx    E Section Name        Object

    0x70000000        -       0x00000000   Zero   RW           32    __tz_OSPI_DEVICE_1_S.bss  anon$$obj.o


    Execution Region OSPI_DEVICE_1 (Exec base: 0x70000000, Load base: 0x70000000, Size: 0x00000000, Max: 0xffffffff, ABSOLUTE, FIXED)

    **** No section assigned to this execution region ****


    Execution Region __tz_OSPI_DEVICE_1_N (Exec base: 0x70000000, Load base: 0x70000000, Size: 0x00000000, Max: 0x00000000, ABSOLUTE)

    Exec Addr    Load Addr    Size         Type   Attr      Idx    E Section Name        Object

    0x70000000        -       0x00000000   Zero   RW           33    __tz_OSPI_DEVICE_1_N.bss  anon$$obj.o



  Load Region LOAD_REGION_SDRAM (Base: 0x80010000, Size: 0x00000000, Max: 0x00000000, ABSOLUTE)

    Execution Region __tz_SDRAM_S (Exec base: 0x80010000, Load base: 0x80010000, Size: 0x00000000, Max: 0x00000000, ABSOLUTE)

    Exec Addr    Load Addr    Size         Type   Attr      Idx    E Section Name        Object

    0x80010000        -       0x00000000   Zero   RW           34    __tz_SDRAM_S.bss    anon$$obj.o


    Execution Region SDRAM (Exec base: 0x80010000, Load base: 0x80010000, Size: 0x00000000, Max: 0xffffffff, ABSOLUTE, FIXED)

    **** No section assigned to this execution region ****


    Execution Region __tz_SDRAM_N (Exec base: 0x80010000, Load base: 0x80010000, Size: 0x00000000, Max: 0x00000000, ABSOLUTE)

    Exec Addr    Load Addr    Size         Type   Attr      Idx    E Section Name        Object

    0x80010000        -       0x00000000   Zero   RW           35    __tz_SDRAM_N.bss    anon$$obj.o


==============================================================================

Image component sizes


      Code (inc. data)   RO Data    RW Data    ZI Data      Debug   Object Name

       184         32          0          0          4       1315   adc_task.o
       218         56          0          0          1      12033   bsp_adc.o
       394          0          0          0         28      33532   bsp_clocks.o
         8          0         78          0          0       9805   bsp_common.o
        80          0          0          0          0       1794   bsp_delay.o
       262          0          0          0         41      11157   bsp_gpt_input_capture.o
        98          0          0          0          0      10750   bsp_gpt_pwm_output.o
        74          0          0          0          0      10517   bsp_gpt_timing.o
        72          0          0          0         64      13772   bsp_group_irq.o
         0          0          0          0          4        674   bsp_io.o
       146          0          0          0        384      17424   bsp_irq.o
       130          0          0          0          0      19596   bsp_iwdt.o
        76          0          0          0          0      16416   bsp_key.o
       876         92          0          0          0      18261   bsp_qspi_flash.o
       160          0          8          0          8      22243   bsp_register_protection.o
         0          0         76          0          0       1337   bsp_rom_registers.o
       448         44          0          0        305      14211   bsp_uart4.o
         0          0         12          0          8      17625   common_data.o
       260         56         67          0          0       1456   debug_task.o
       296          0          0          0          0       6531   event_groups.o
         0          0        748          4        280     111964   hal_data.o
       808        176        186         16         36      18649   hal_entry.o
       476          0          0          0      16412       4829   heap_4.o
       844        112          8          4          4      14515   i2c_ee.o
       140          0          0          0          0      15870   key_task.o
       122          0          0          0          0       2190   list.o
        10          0          0          0          0        570   main.o
         0          0        336          0          0       8147   pin_data.o
       392          0          0          4          0       3271   port.o
       244         16          0          0          0       1454   portasm.o
       268         64          0          0          0      12270   pwm_task.o
        68          0        174          0        285      36282   qe_touch_config.o
       154          0          0          0          8      35091   qe_touch_sample.o
      1120          0          0          0          0      12897   queue.o
      1036         12          0          0          0      81442   r_adc.o
      2944          0         48          8         65      84512   r_ctsu.o
        76          0          0          0          0      38771   r_dmac.o
      1388          0          0          0          0      74884   r_gpt.o
      2248          4         32          0          0      58009   r_iic_master.o
       922         12         52          0          0      52337   r_ioport.o
       156          0          0          0          4      18459   r_iwdt.o
       764          0         52          0          0      26017   r_qspi.o
      1390          0          0          0          0      71084   r_sci_uart.o
       518          0          0          0          0      71791   r_sdhi.o
      1244          0         40          0         21      38923   rm_touch.o
        14          0         64          0      12288       1138   startup.o
       212          0          0          0          4       4041   system.o
      2740         12          4          0        216      17706   tasks.o
         0          0        768          0          0       9754   vector_data.o
       292        104         49          0          0       9430   wdt_task.o

    ----------------------------------------------------------------------
     24456        804       2808         36      30816    1176746   Object Totals
         0          0          0          0        328          0   (incl. Generated)
        84         12          6          0         18          0   (incl. Padding)

    ----------------------------------------------------------------------

      Code (inc. data)   RO Data    RW Data    ZI Data      Debug   Library Member Name

         0          0          0          0          0          0   iusefp.o
        30          0          0          0          0         68   llshl.o
        36          0          0          0          0         68   llsshr.o
        32          0          0          0          0         68   llushr.o
        36          0          0          0          0         68   memcpya.o
        36          0          0          0          0        108   memseta.o
      2258         90          0          0          0        452   printfa.o
        12          6          0          0          0         68   putchar.o
        36          6          0          0          0         80   puts.o
         0          0          0          4          0          0   stdout.o
        44          0          0          0          0         80   uidiv.o
        98          0          0          0          0         92   uldiv.o
        48          0          0          0          0         68   cdrcmple.o
       334          0          0          0          0        148   dadd.o
       222          0          0          0          0        100   ddiv.o
       186          0          0          0          0        176   depilogue.o
        48          0          0          0          0         68   dfixul.o
        26          0          0          0          0         76   dfltui.o
       228          0          0          0          0         96   dmul.o

    ----------------------------------------------------------------------
      3712        102          0          4          0       1884   Library Totals
         2          0          0          0          0          0   (incl. Padding)

    ----------------------------------------------------------------------

      Code (inc. data)   RO Data    RW Data    ZI Data      Debug   Library Name

      2618        102          0          4          0       1152   mc_w.l
      1092          0          0          0          0        732   mf_w.l

    ----------------------------------------------------------------------
      3712        102          0          4          0       1884   Library Totals

    ----------------------------------------------------------------------

==============================================================================


      Code (inc. data)   RO Data    RW Data    ZI Data      Debug   

     28168        906       2808         40      30816    1176782   Grand Totals
     28168        906       2808         40      30816    1176782   ELF Image Totals
     28168        906       2808         40          0          0   ROM Totals

==============================================================================

    Total RO  Size (Code + RO Data)                30976 (  30.25kB)
    Total RW  Size (RW Data + ZI Data)             30856 (  30.13kB)
    Total ROM Size (Code + RO Data + RW Data)      31016 (  30.29kB)

==============================================================================

